Build started 3/6/2026 7:59:49 PM.
     1>Project "C:\Users\SohaibAli\Documents\PotomacAnalyst\PotomacAnalyst.slnx" on node 1 (Restore target(s)).
     1>ValidateSolutionConfiguration:
         Building solution configuration "Debug|x64".
       _GetAllRestoreProjectPathItems:
         Determining projects to restore...
       Restore:
         X.509 certificate chain validation will use the default trust store selected by .NET for code signing.
         X.509 certificate chain validation will use the default trust store selected by .NET for timestamping.
         Assets file has not changed. Skipping assets file writing. Path: C:\Users\SohaibAli\Documents\PotomacAnalyst\obj\project.assets.json
         Restored C:\Users\SohaibAli\Documents\PotomacAnalyst\PotomacAnalyst.csproj (in 52 ms).
         
         NuGet Config files used:
             C:\Users\SohaibAli\AppData\Roaming\NuGet\NuGet.Config
             C:\Program Files (x86)\NuGet\Config\Microsoft.VisualStudio.FallbackLocation.config
             C:\Program Files (x86)\NuGet\Config\Microsoft.VisualStudio.Offline.config
         
         Feeds used:
             https://api.nuget.org/v3/index.json
             C:\Program Files (x86)\Microsoft SDKs\NuGetPackages\
             C:\Program Files\dotnet\library-packs
         All projects are up-to-date for restore.
     1>Done Building Project "C:\Users\SohaibAli\Documents\PotomacAnalyst\PotomacAnalyst.slnx" (Restore target(s)).
   1:2>Project "C:\Users\SohaibAli\Documents\PotomacAnalyst\PotomacAnalyst.slnx" on node 1 (default targets).
     1>ValidateSolutionConfiguration:
         Building solution configuration "Debug|x64".
   1:2>Project "C:\Users\SohaibAli\Documents\PotomacAnalyst\PotomacAnalyst.slnx" (1:2) is building "C:\Users\SohaibAli\Documents\PotomacAnalyst\PotomacAnalyst.csproj" (2:6) on node 1 (default targets).
     2>MarkupCompilePass1:
         "C:\Users\SohaibAli\.nuget\packages\microsoft.windowsappsdk.winui\1.8.260204000\buildTransitive\..\tools\net6.0\..\net472\XamlCompiler.exe" "obj\x64\Debug\net8.0-windows10.0.19041.0\win-x64\\input.json" "obj\x64\Debug\net8.0-windows10.0.19041.0\win-x64\\output.json"
         (Out) GeneratedCodeFiles: 'C:\Users\SohaibAli\Documents\PotomacAnalyst\obj\x64\Debug\net8.0-windows10.0.19041.0\win-x64\App.g.i.cs;C:\Users\SohaibAli\Documents\PotomacAnalyst\obj\x64\Debug\net8.0-windows10.0.19041.0\win-x64\App.g.cs;C:\Users\SohaibAli\Documents\PotomacAnalyst\obj\x64\Debug\net8.0-windows10.0.19041.0\win-x64\MainWindow.g.i.cs;C:\Users\SohaibAli\Documents\PotomacAnalyst\obj\x64\Debug\net8.0-windows10.0.19041.0\win-x64\MainWindow.g.cs;C:\Users\SohaibAli\Documents\PotomacAnalyst\obj\x64\Debug\net8.0-windows10.0.19041.0\win-x64\Views\Auth\ForgotPasswordPage.g.i.cs;C:\Users\SohaibAli\Documents\PotomacAnalyst\obj\x64\Debug\net8.0-windows10.0.19041.0\win-x64\Views\Auth\ForgotPasswordPage.g.cs;C:\Users\SohaibAli\Documents\PotomacAnalyst\obj\x64\Debug\net8.0-windows10.0.19041.0\win-x64\Views\Auth\LoginPage.g.i.cs;C:\Users\SohaibAli\Documents\PotomacAnalyst\obj\x64\Debug\net8.0-windows10.0.19041.0\win-x64\Views\Auth\LoginPage.g.cs;C:\Users\SohaibAli\Documents\PotomacAnalyst\obj\x64\Debug\net8.0-windows10.0.19041.0\win-x64\Views\Auth\RegisterPage.g.i.cs;C:\Users\SohaibAli\Documents\PotomacAnalyst\obj\x64\Debug\net8.0-windows10.0.19041.0\win-x64\Views\Auth\RegisterPage.g.cs;C:\Users\SohaibAli\Documents\PotomacAnalyst\obj\x64\Debug\net8.0-windows10.0.19041.0\win-x64\Views\Pages\AflGeneratorPage.g.i.cs;C:\Users\SohaibAli\Documents\PotomacAnalyst\obj\x64\Debug\net8.0-windows10.0.19041.0\win-x64\Views\Pages\AflGeneratorPage.g.cs;C:\Users\SohaibAli\Documents\PotomacAnalyst\obj\x64\Debug\net8.0-windows10.0.19041.0\win-x64\Views\Pages\AutopilotPage.g.i.cs;C:\Users\SohaibAli\Documents\PotomacAnalyst\obj\x64\Debug\net8.0-windows10.0.19041.0\win-x64\Views\Pages\AutopilotPage.g.cs;C:\Users\SohaibAli\Documents\PotomacAnalyst\obj\x64\Debug\net8.0-windows10.0.19041.0\win-x64\Views\Pages\BacktestPage.g.i.cs;C:\Users\SohaibAli\Documents\PotomacAnalyst\obj\x64\Debug\net8.0-windows10.0.19041.0\win-x64\Views\Pages\BacktestPage.g.cs;C:\Users\SohaibAli\Documents\PotomacAnalyst\obj\x64\Debug\net8.0-windows10.0.19041.0\win-x64\Views\Pages\ChatPage.g.i.cs;C:\Users\SohaibAli\Documents\PotomacAnalyst\obj\x64\Debug\net8.0-windows10.0.19041.0\win-x64\Views\Pages\ChatPage.g.cs;C:\Users\SohaibAli\Documents\PotomacAnalyst\obj\x64\Debug\net8.0-windows10.0.19041.0\win-x64\Views\Pages\ContentPage.g.i.cs;C:\Users\SohaibAli\Documents\PotomacAnalyst\obj\x64\Debug\net8.0-windows10.0.19041.0\win-x64\Views\Pages\ContentPage.g.cs;C:\Users\SohaibAli\Documents\PotomacAnalyst\obj\x64\Debug\net8.0-windows10.0.19041.0\win-x64\Views\Pages\DashboardPage.g.i.cs;C:\Users\SohaibAli\Documents\PotomacAnalyst\obj\x64\Debug\net8.0-windows10.0.19041.0\win-x64\Views\Pages\DashboardPage.g.cs;C:\Users\SohaibAli\Documents\PotomacAnalyst\obj\x64\Debug\net8.0-windows10.0.19041.0\win-x64\Views\Pages\DeckGeneratorPage.g.i.cs;C:\Users\SohaibAli\Documents\PotomacAnalyst\obj\x64\Debug\net8.0-windows10.0.19041.0\win-x64\Views\Pages\DeckGeneratorPage.g.cs;C:\Users\SohaibAli\Documents\PotomacAnalyst\obj\x64\Debug\net8.0-windows10.0.19041.0\win-x64\Views\Pages\DeveloperPage.g.i.cs;C:\Users\SohaibAli\Documents\PotomacAnalyst\obj\x64\Debug\net8.0-windows10.0.19041.0\win-x64\Views\Pages\DeveloperPage.g.cs;C:\Users\SohaibAli\Documents\PotomacAnalyst\obj\x64\Debug\net8.0-windows10.0.19041.0\win-x64\Views\Pages\KnowledgeBasePage.g.i.cs;C:\Users\SohaibAli\Documents\PotomacAnalyst\obj\x64\Debug\net8.0-windows10.0.19041.0\win-x64\Views\Pages\KnowledgeBasePage.g.cs;C:\Users\SohaibAli\Documents\PotomacAnalyst\obj\x64\Debug\net8.0-windows10.0.19041.0\win-x64\Views\Pages\ResearcherPage.g.i.cs;C:\Users\SohaibAli\Documents\PotomacAnalyst\obj\x64\Debug\net8.0-windows10.0.19041.0\win-x64\Views\Pages\ResearcherPage.g.cs;C:\Users\SohaibAli\Documents\PotomacAnalyst\obj\x64\Debug\net8.0-windows10.0.19041.0\win-x64\Views\Pages\ReverseEngineerPage.g.i.cs;C:\Users\SohaibAli\Documents\PotomacAnalyst\obj\x64\Debug\net8.0-windows10.0.19041.0\win-x64\Views\Pages\ReverseEngineerPage.g.cs;C:\Users\SohaibAli\Documents\PotomacAnalyst\obj\x64\Debug\net8.0-windows10.0.19041.0\win-x64\Views\Pages\SettingsPage.g.i.cs;C:\Users\SohaibAli\Documents\PotomacAnalyst\obj\x64\Debug\net8.0-windows10.0.19041.0\win-x64\Views\Pages\SettingsPage.g.cs;C:\Users\SohaibAli\Documents\PotomacAnalyst\obj\x64\Debug\net8.0-windows10.0.19041.0\win-x64\Views\Pages\SkillsPage.g.i.cs;C:\Users\SohaibAli\Documents\PotomacAnalyst\obj\x64\Debug\net8.0-windows10.0.19041.0\win-x64\Views\Pages\SkillsPage.g.cs;C:\Users\SohaibAli\Documents\PotomacAnalyst\obj\x64\Debug\net8.0-windows10.0.19041.0\win-x64\XamlTypeInfo.g.cs'
         (Out) GeneratedXamlFiles: 'C:\Users\SohaibAli\Documents\PotomacAnalyst\obj\x64\Debug\net8.0-windows10.0.19041.0\win-x64\App.xaml;C:\Users\SohaibAli\Documents\PotomacAnalyst\obj\x64\Debug\net8.0-windows10.0.19041.0\win-x64\MainWindow.xaml;C:\Users\SohaibAli\Documents\PotomacAnalyst\obj\x64\Debug\net8.0-windows10.0.19041.0\win-x64\Resources\PotomacTheme.xaml;C:\Users\SohaibAli\Documents\PotomacAnalyst\obj\x64\Debug\net8.0-windows10.0.19041.0\win-x64\Views\Auth\ForgotPasswordPage.xaml;C:\Users\SohaibAli\Documents\PotomacAnalyst\obj\x64\Debug\net8.0-windows10.0.19041.0\win-x64\Views\Auth\LoginPage.xaml;C:\Users\SohaibAli\Documents\PotomacAnalyst\obj\x64\Debug\net8.0-windows10.0.19041.0\win-x64\Views\Auth\RegisterPage.xaml;C:\Users\SohaibAli\Documents\PotomacAnalyst\obj\x64\Debug\net8.0-windows10.0.19041.0\win-x64\Views\Pages\AflGeneratorPage.xaml;C:\Users\SohaibAli\Documents\PotomacAnalyst\obj\x64\Debug\net8.0-windows10.0.19041.0\win-x64\Views\Pages\AutopilotPage.xaml;C:\Users\SohaibAli\Documents\PotomacAnalyst\obj\x64\Debug\net8.0-windows10.0.19041.0\win-x64\Views\Pages\BacktestPage.xaml;C:\Users\SohaibAli\Documents\PotomacAnalyst\obj\x64\Debug\net8.0-windows10.0.19041.0\win-x64\Views\Pages\ChatPage.xaml;C:\Users\SohaibAli\Documents\PotomacAnalyst\obj\x64\Debug\net8.0-windows10.0.19041.0\win-x64\Views\Pages\ContentPage.xaml;C:\Users\SohaibAli\Documents\PotomacAnalyst\obj\x64\Debug\net8.0-windows10.0.19041.0\win-x64\Views\Pages\DashboardPage.xaml;C:\Users\SohaibAli\Documents\PotomacAnalyst\obj\x64\Debug\net8.0-windows10.0.19041.0\win-x64\Views\Pages\DeckGeneratorPage.xaml;C:\Users\SohaibAli\Documents\PotomacAnalyst\obj\x64\Debug\net8.0-windows10.0.19041.0\win-x64\Views\Pages\DeveloperPage.xaml;C:\Users\SohaibAli\Documents\PotomacAnalyst\obj\x64\Debug\net8.0-windows10.0.19041.0\win-x64\Views\Pages\KnowledgeBasePage.xaml;C:\Users\SohaibAli\Documents\PotomacAnalyst\obj\x64\Debug\net8.0-windows10.0.19041.0\win-x64\Views\Pages\ResearcherPage.xaml;C:\Users\SohaibAli\Documents\PotomacAnalyst\obj\x64\Debug\net8.0-windows10.0.19041.0\win-x64\Views\Pages\ReverseEngineerPage.xaml;C:\Users\SohaibAli\Documents\PotomacAnalyst\obj\x64\Debug\net8.0-windows10.0.19041.0\win-x64\Views\Pages\SettingsPage.xaml;C:\Users\SohaibAli\Documents\PotomacAnalyst\obj\x64\Debug\net8.0-windows10.0.19041.0\win-x64\Views\Pages\SkillsPage.xaml'
         (Out) GeneratedXbfFiles: 'C:\Users\SohaibAli\Documents\PotomacAnalyst\obj\x64\Debug\net8.0-windows10.0.19041.0\win-x64\App.xbf;C:\Users\SohaibAli\Documents\PotomacAnalyst\obj\x64\Debug\net8.0-windows10.0.19041.0\win-x64\MainWindow.xbf;C:\Users\SohaibAli\Documents\PotomacAnalyst\obj\x64\Debug\net8.0-windows10.0.19041.0\win-x64\Resources\PotomacTheme.xbf;C:\Users\SohaibAli\Documents\PotomacAnalyst\obj\x64\Debug\net8.0-windows10.0.19041.0\win-x64\Views\Auth\ForgotPasswordPage.xbf;C:\Users\SohaibAli\Documents\PotomacAnalyst\obj\x64\Debug\net8.0-windows10.0.19041.0\win-x64\Views\Auth\LoginPage.xbf;C:\Users\SohaibAli\Documents\PotomacAnalyst\obj\x64\Debug\net8.0-windows10.0.19041.0\win-x64\Views\Auth\RegisterPage.xbf;C:\Users\SohaibAli\Documents\PotomacAnalyst\obj\x64\Debug\net8.0-windows10.0.19041.0\win-x64\Views\Pages\AflGeneratorPage.xbf;C:\Users\SohaibAli\Documents\PotomacAnalyst\obj\x64\Debug\net8.0-windows10.0.19041.0\win-x64\Views\Pages\AutopilotPage.xbf;C:\Users\SohaibAli\Documents\PotomacAnalyst\obj\x64\Debug\net8.0-windows10.0.19041.0\win-x64\Views\Pages\BacktestPage.xbf;C:\Users\SohaibAli\Documents\PotomacAnalyst\obj\x64\Debug\net8.0-windows10.0.19041.0\win-x64\Views\Pages\ChatPage.xbf;C:\Users\SohaibAli\Documents\PotomacAnalyst\obj\x64\Debug\net8.0-windows10.0.19041.0\win-x64\Views\Pages\ContentPage.xbf;C:\Users\SohaibAli\Documents\PotomacAnalyst\obj\x64\Debug\net8.0-windows10.0.19041.0\win-x64\Views\Pages\DashboardPage.xbf;C:\Users\SohaibAli\Documents\PotomacAnalyst\obj\x64\Debug\net8.0-windows10.0.19041.0\win-x64\Views\Pages\DeckGeneratorPage.xbf;C:\Users\SohaibAli\Documents\PotomacAnalyst\obj\x64\Debug\net8.0-windows10.0.19041.0\win-x64\Views\Pages\DeveloperPage.xbf;C:\Users\SohaibAli\Documents\PotomacAnalyst\obj\x64\Debug\net8.0-windows10.0.19041.0\win-x64\Views\Pages\KnowledgeBasePage.xbf;C:\Users\SohaibAli\Documents\PotomacAnalyst\obj\x64\Debug\net8.0-windows10.0.19041.0\win-x64\Views\Pages\ResearcherPage.xbf;C:\Users\SohaibAli\Documents\PotomacAnalyst\obj\x64\Debug\net8.0-windows10.0.19041.0\win-x64\Views\Pages\ReverseEngineerPage.xbf;C:\Users\SohaibAli\Documents\PotomacAnalyst\obj\x64\Debug\net8.0-windows10.0.19041.0\win-x64\Views\Pages\SettingsPage.xbf;C:\Users\SohaibAli\Documents\PotomacAnalyst\obj\x64\Debug\net8.0-windows10.0.19041.0\win-x64\Views\Pages\SkillsPage.xbf'
         (Out) Compile: 'App.xaml.cs;Controls\Attachments.cs;GenUi\GenUiCardBuilder.cs;GlobalUsings.cs;MainWindow.xaml.cs;Models\ApiModels.cs;Models\AuthModels.cs;Services\ApiService.cs;Services\AuthService.cs;Services\SessionService.cs;Views\Auth\ForgotPasswordPage.xaml.cs;Views\Auth\LoginPage.xaml.cs;Views\Auth\RegisterPage.xaml.cs;Views\Pages\AflGeneratorPage.xaml.cs;Views\Pages\AutopilotPage.xaml.cs;Views\Pages\BacktestPage.xaml.cs;Views\Pages\ChatPage.xaml.cs;Views\Pages\ContentPage.xaml.cs;Views\Pages\DashboardPage.xaml.cs;Views\Pages\DeckGeneratorPage.xaml.cs;Views\Pages\DeveloperPage.xaml.cs;Views\Pages\KnowledgeBasePage.xaml.cs;Views\Pages\ResearcherPage.xaml.cs;Views\Pages\ReverseEngineerPage.xaml.cs;Views\Pages\SettingsPage.xaml.cs;Views\Pages\SkillsPage.xaml.cs;C:\Users\SohaibAli\.nuget\packages\microsoft.windowsappsdk.foundation\1.8.260203002\buildTransitive\..\include\DeploymentManagerAutoInitializer.cs;C:\Users\SohaibAli\.nuget\packages\microsoft.windowsappsdk.runtime\1.8.260209005\buildTransitive\..\include\WindowsAppSDK-VersionInfo.cs;C:\Users\SohaibAli\Documents\PotomacAnalyst\obj\x64\Debug\net8.0-windows10.0.19041.0\win-x64\App.g.i.cs;C:\Users\SohaibAli\Documents\PotomacAnalyst\obj\x64\Debug\net8.0-windows10.0.19041.0\win-x64\App.g.cs;C:\Users\SohaibAli\Documents\PotomacAnalyst\obj\x64\Debug\net8.0-windows10.0.19041.0\win-x64\MainWindow.g.i.cs;C:\Users\SohaibAli\Documents\PotomacAnalyst\obj\x64\Debug\net8.0-windows10.0.19041.0\win-x64\MainWindow.g.cs;C:\Users\SohaibAli\Documents\PotomacAnalyst\obj\x64\Debug\net8.0-windows10.0.19041.0\win-x64\Views\Auth\ForgotPasswordPage.g.i.cs;C:\Users\SohaibAli\Documents\PotomacAnalyst\obj\x64\Debug\net8.0-windows10.0.19041.0\win-x64\Views\Auth\ForgotPasswordPage.g.cs;C:\Users\SohaibAli\Documents\PotomacAnalyst\obj\x64\Debug\net8.0-windows10.0.19041.0\win-x64\Views\Auth\LoginPage.g.i.cs;C:\Users\SohaibAli\Documents\PotomacAnalyst\obj\x64\Debug\net8.0-windows10.0.19041.0\win-x64\Views\Auth\LoginPage.g.cs;C:\Users\SohaibAli\Documents\PotomacAnalyst\obj\x64\Debug\net8.0-windows10.0.19041.0\win-x64\Views\Auth\RegisterPage.g.i.cs;C:\Users\SohaibAli\Documents\PotomacAnalyst\obj\x64\Debug\net8.0-windows10.0.19041.0\win-x64\Views\Auth\RegisterPage.g.cs;C:\Users\SohaibAli\Documents\PotomacAnalyst\obj\x64\Debug\net8.0-windows10.0.19041.0\win-x64\Views\Pages\AflGeneratorPage.g.i.cs;C:\Users\SohaibAli\Documents\PotomacAnalyst\obj\x64\Debug\net8.0-windows10.0.19041.0\win-x64\Views\Pages\AflGeneratorPage.g.cs;C:\Users\SohaibAli\Documents\PotomacAnalyst\obj\x64\Debug\net8.0-windows10.0.19041.0\win-x64\Views\Pages\AutopilotPage.g.i.cs;C:\Users\SohaibAli\Documents\PotomacAnalyst\obj\x64\Debug\net8.0-windows10.0.19041.0\win-x64\Views\Pages\AutopilotPage.g.cs;C:\Users\SohaibAli\Documents\PotomacAnalyst\obj\x64\Debug\net8.0-windows10.0.19041.0\win-x64\Views\Pages\BacktestPage.g.i.cs;C:\Users\SohaibAli\Documents\PotomacAnalyst\obj\x64\Debug\net8.0-windows10.0.19041.0\win-x64\Views\Pages\BacktestPage.g.cs;C:\Users\SohaibAli\Documents\PotomacAnalyst\obj\x64\Debug\net8.0-windows10.0.19041.0\win-x64\Views\Pages\ChatPage.g.i.cs;C:\Users\SohaibAli\Documents\PotomacAnalyst\obj\x64\Debug\net8.0-windows10.0.19041.0\win-x64\Views\Pages\ChatPage.g.cs;C:\Users\SohaibAli\Documents\PotomacAnalyst\obj\x64\Debug\net8.0-windows10.0.19041.0\win-x64\Views\Pages\ContentPage.g.i.cs;C:\Users\SohaibAli\Documents\PotomacAnalyst\obj\x64\Debug\net8.0-windows10.0.19041.0\win-x64\Views\Pages\ContentPage.g.cs;C:\Users\SohaibAli\Documents\PotomacAnalyst\obj\x64\Debug\net8.0-windows10.0.19041.0\win-x64\Views\Pages\DashboardPage.g.i.cs;C:\Users\SohaibAli\Documents\PotomacAnalyst\obj\x64\Debug\net8.0-windows10.0.19041.0\win-x64\Views\Pages\DashboardPage.g.cs;C:\Users\SohaibAli\Documents\PotomacAnalyst\obj\x64\Debug\net8.0-windows10.0.19041.0\win-x64\Views\Pages\DeckGeneratorPage.g.i.cs;C:\Users\SohaibAli\Documents\PotomacAnalyst\obj\x64\Debug\net8.0-windows10.0.19041.0\win-x64\Views\Pages\DeckGeneratorPage.g.cs;C:\Users\SohaibAli\Documents\PotomacAnalyst\obj\x64\Debug\net8.0-windows10.0.19041.0\win-x64\Views\Pages\DeveloperPage.g.i.cs;C:\Users\SohaibAli\Documents\PotomacAnalyst\obj\x64\Debug\net8.0-windows10.0.19041.0\win-x64\Views\Pages\DeveloperPage.g.cs;C:\Users\SohaibAli\Documents\PotomacAnalyst\obj\x64\Debug\net8.0-windows10.0.19041.0\win-x64\Views\Pages\KnowledgeBasePage.g.i.cs;C:\Users\SohaibAli\Documents\PotomacAnalyst\obj\x64\Debug\net8.0-windows10.0.19041.0\win-x64\Views\Pages\KnowledgeBasePage.g.cs;C:\Users\SohaibAli\Documents\PotomacAnalyst\obj\x64\Debug\net8.0-windows10.0.19041.0\win-x64\Views\Pages\ResearcherPage.g.i.cs;C:\Users\SohaibAli\Documents\PotomacAnalyst\obj\x64\Debug\net8.0-windows10.0.19041.0\win-x64\Views\Pages\ResearcherPage.g.cs;C:\Users\SohaibAli\Documents\PotomacAnalyst\obj\x64\Debug\net8.0-windows10.0.19041.0\win-x64\Views\Pages\ReverseEngineerPage.g.i.cs;C:\Users\SohaibAli\Documents\PotomacAnalyst\obj\x64\Debug\net8.0-windows10.0.19041.0\win-x64\Views\Pages\ReverseEngineerPage.g.cs;C:\Users\SohaibAli\Documents\PotomacAnalyst\obj\x64\Debug\net8.0-windows10.0.19041.0\win-x64\Views\Pages\SettingsPage.g.i.cs;C:\Users\SohaibAli\Documents\PotomacAnalyst\obj\x64\Debug\net8.0-windows10.0.19041.0\win-x64\Views\Pages\SettingsPage.g.cs;C:\Users\SohaibAli\Documents\PotomacAnalyst\obj\x64\Debug\net8.0-windows10.0.19041.0\win-x64\Views\Pages\SkillsPage.g.i.cs;C:\Users\SohaibAli\Documents\PotomacAnalyst\obj\x64\Debug\net8.0-windows10.0.19041.0\win-x64\Views\Pages\SkillsPage.g.cs;C:\Users\SohaibAli\Documents\PotomacAnalyst\obj\x64\Debug\net8.0-windows10.0.19041.0\win-x64\XamlTypeInfo.g.cs'
       XamlPreCompile:
         Setting DOTNET_ROOT to 'C:\Program Files\dotnet'
         C:\Program Files\dotnet\sdk\10.0.103\Roslyn\bincore\csc.exe /noconfig /unsafe- /checked- /nowarn:1701,1702,1701,1702 /fullpaths /nostdlib+ /platform:x64 /errorreport:prompt /warn:8 /define:TRACE;MICROSOFT_WINDOWSAPPSDK_AUTOINITIALIZE_DEPLOYMENTMANAGER;DEBUG;NET;NET8_0;NETCOREAPP;WINDOWS;WINDOWS10_0_19041_0;NET5_0_OR_GREATER;NET6_0_OR_GREATER;NET7_0_OR_GREATER;NET8_0_OR_GREATER;NETCOREAPP1_0_OR_GREATER;NETCOREAPP1_1_OR_GREATER;NETCOREAPP2_0_OR_GREATER;NETCOREAPP2_1_OR_GREATER;NETCOREAPP2_2_OR_GREATER;NETCOREAPP3_0_OR_GREATER;NETCOREAPP3_1_OR_GREATER;WINDOWS10_0_19041_0_OR_GREATER;WINDOWS10_0_18362_0_OR_GREATER;WINDOWS10_0_17763_0_OR_GREATER;WINDOWS8_0_OR_GREATER;WINDOWS7_0_OR_GREATER /highentropyva+ /nullable:enable /reference:C:\Users\SohaibAli\.nuget\packages\communitytoolkit.common\8.2.1\lib\net6.0\CommunityToolkit.Common.dll /reference:C:\Users\SohaibAli\.nuget\packages\communitytoolkit.mvvm\8.4.0\lib\net8.0-windows10.0.17763\CommunityToolkit.Mvvm.dll /reference:C:\Users\SohaibAli\.nuget\packages\communitytoolkit.winui.animations\8.2.251219\lib\net8.0-windows10.0.19041\CommunityToolkit.WinUI.Animations.dll /reference:C:\Users\SohaibAli\.nuget\packages\communitytoolkit.winui.controls.segmented\8.2.251219\lib\net8.0-windows10.0.19041\CommunityToolkit.WinUI.Controls.Segmented.dll /reference:C:\Users\SohaibAli\.nuget\packages\communitytoolkit.winui.converters\8.2.251219\lib\net8.0-windows10.0.19041\CommunityToolkit.WinUI.Converters.dll /reference:C:\Users\SohaibAli\.nuget\packages\communitytoolkit.winui.extensions\8.2.251219\lib\net8.0-windows10.0.19041\CommunityToolkit.WinUI.Extensions.dll /reference:"C:\Program Files\dotnet\packs\Microsoft.NETCore.App.Ref\8.0.24\ref\net8.0\Microsoft.CSharp.dll" /reference:C:\Users\SohaibAli\.nuget\packages\microsoft.extensions.configuration.abstractions\10.0.3\lib\net8.0\Microsoft.Extensions.Configuration.Abstractions.dll /reference:C:\Users\SohaibAli\.nuget\packages\microsoft.extensions.configuration.binder\10.0.3\lib\net8.0\Microsoft.Extensions.Configuration.Binder.dll /reference:C:\Users\SohaibAli\.nuget\packages\microsoft.extensions.configuration\10.0.3\lib\net8.0\Microsoft.Extensions.Configuration.dll /reference:C:\Users\SohaibAli\.nuget\packages\microsoft.extensions.dependencyinjection.abstractions\10.0.3\lib\net8.0\Microsoft.Extensions.DependencyInjection.Abstractions.dll /reference:C:\Users\SohaibAli\.nuget\packages\microsoft.extensions.dependencyinjection\10.0.3\lib\net8.0\Microsoft.Extensions.DependencyInjection.dll /reference:C:\Users\SohaibAli\.nuget\packages\microsoft.extensions.diagnostics.abstractions\10.0.3\lib\net8.0\Microsoft.Extensions.Diagnostics.Abstractions.dll /reference:C:\Users\SohaibAli\.nuget\packages\microsoft.extensions.diagnostics\10.0.3\lib\net8.0\Microsoft.Extensions.Diagnostics.dll /reference:C:\Users\SohaibAli\.nuget\packages\microsoft.extensions.http\10.0.3\lib\net8.0\Microsoft.Extensions.Http.dll /reference:C:\Users\SohaibAli\.nuget\packages\microsoft.extensions.logging.abstractions\10.0.3\lib\net8.0\Microsoft.Extensions.Logging.Abstractions.dll /reference:C:\Users\SohaibAli\.nuget\packages\microsoft.extensions.logging\10.0.3\lib\net8.0\Microsoft.Extensions.Logging.dll /reference:C:\Users\SohaibAli\.nuget\packages\microsoft.extensions.options.configurationextensions\10.0.3\lib\net8.0\Microsoft.Extensions.Options.ConfigurationExtensions.dll /reference:C:\Users\SohaibAli\.nuget\packages\microsoft.extensions.options\10.0.3\lib\net8.0\Microsoft.Extensions.Options.dll /reference:C:\Users\SohaibAli\.nuget\packages\microsoft.extensions.primitives\10.0.3\lib\net8.0\Microsoft.Extensions.Primitives.dll /reference:C:\Users\SohaibAli\.nuget\packages\microsoft.windowsappsdk.ai\1.8.47\lib\net6.0-windows10.0.17763.0\Microsoft.Graphics.Imaging.Projection.dll /reference:C:\Users\SohaibAli\.nuget\packages\microsoft.windowsappsdk.interactiveexperiences\1.8.260125001\lib\net6.0-windows10.0.18362.0\Microsoft.InteractiveExperiences.Projection.dll /reference:C:\Users\SohaibAli\.nuget\packages\microsoft.windowsappsdk.ml\1.8.2124\lib\net8.0-windows10.0.17763.0\Microsoft.ML.OnnxRuntime.dll /reference:C:\Users\SohaibAli\.nuget\packages\microsoft.windowsappsdk.foundation\1.8.260203002\lib\net6.0-windows10.0.17763.0\Microsoft.Security.Authentication.OAuth.Projection.dll /reference:"C:\Program Files\dotnet\packs\Microsoft.NETCore.App.Ref\8.0.24\ref\net8.0\Microsoft.VisualBasic.Core.dll" /reference:"C:\Program Files\dotnet\packs\Microsoft.NETCore.App.Ref\8.0.24\ref\net8.0\Microsoft.VisualBasic.dll" /reference:C:\Users\SohaibAli\.nuget\packages\microsoft.web.webview2\1.0.3179.45\lib_manual\net8.0-windows10.0.17763.0\Microsoft.Web.WebView2.Core.Projection.dll /reference:"C:\Program Files\dotnet\packs\Microsoft.NETCore.App.Ref\8.0.24\ref\net8.0\Microsoft.Win32.Primitives.dll" /reference:"C:\Program Files\dotnet\packs\Microsoft.NETCore.App.Ref\8.0.24\ref\net8.0\Microsoft.Win32.Registry.dll" /reference:C:\Users\SohaibAli\.nuget\packages\microsoft.windowsappsdk.ai\1.8.47\lib\net6.0-windows10.0.17763.0\Microsoft.Windows.AI.ContentSafety.Projection.dll /reference:C:\Users\SohaibAli\.nuget\packages\microsoft.windowsappsdk.ai\1.8.47\lib\net6.0-windows10.0.17763.0\Microsoft.Windows.AI.Foundation.Projection.dll /reference:C:\Users\SohaibAli\.nuget\packages\microsoft.windowsappsdk.ai\1.8.47\lib\net6.0-windows10.0.17763.0\Microsoft.Windows.AI.Imaging.Projection.dll /reference:C:\Users\SohaibAli\.nuget\packages\microsoft.windowsappsdk.ml\1.8.2124\lib\net8.0-windows10.0.17763.0\Microsoft.Windows.AI.MachineLearning.Projection.dll /reference:C:\Users\SohaibAli\.nuget\packages\microsoft.windowsappsdk.ai\1.8.47\lib\net6.0-windows10.0.17763.0\Microsoft.Windows.AI.Projection.dll /reference:C:\Users\SohaibAli\.nuget\packages\microsoft.windowsappsdk.ai\1.8.47\lib\net6.0-windows10.0.17763.0\Microsoft.Windows.AI.Text.Projection.dll /reference:C:\Users\SohaibAli\.nuget\packages\microsoft.windowsappsdk.foundation\1.8.260203002\lib\net6.0-windows10.0.17763.0\Microsoft.Windows.ApplicationModel.Background.Projection.dll /reference:C:\Users\SohaibAli\.nuget\packages\microsoft.windowsappsdk.foundation\1.8.260203002\lib\net6.0-windows10.0.17763.0\Microsoft.Windows.ApplicationModel.DynamicDependency.Projection.dll /reference:C:\Users\SohaibAli\.nuget\packages\microsoft.windowsappsdk.foundation\1.8.260203002\lib\net6.0-windows10.0.17763.0\Microsoft.Windows.ApplicationModel.Resources.Projection.dll /reference:C:\Users\SohaibAli\.nuget\packages\microsoft.windowsappsdk.foundation\1.8.260203002\lib\net6.0-windows10.0.17763.0\Microsoft.Windows.ApplicationModel.WindowsAppRuntime.Projection.dll /reference:C:\Users\SohaibAli\.nuget\packages\microsoft.windowsappsdk.foundation\1.8.260203002\lib\net6.0-windows10.0.17763.0\Microsoft.Windows.AppLifecycle.Projection.dll /reference:C:\Users\SohaibAli\.nuget\packages\microsoft.windowsappsdk.foundation\1.8.260203002\lib\net6.0-windows10.0.17763.0\Microsoft.Windows.AppNotifications.Builder.Projection.dll /reference:C:\Users\SohaibAli\.nuget\packages\microsoft.windowsappsdk.foundation\1.8.260203002\lib\net6.0-windows10.0.17763.0\Microsoft.Windows.AppNotifications.Projection.dll /reference:C:\Users\SohaibAli\.nuget\packages\microsoft.windowsappsdk.foundation\1.8.260203002\lib\net6.0-windows10.0.17763.0\Microsoft.Windows.BadgeNotifications.Projection.dll /reference:C:\Users\SohaibAli\.nuget\packages\microsoft.windowsappsdk.foundation\1.8.260203002\lib\net6.0-windows10.0.17763.0\Microsoft.Windows.Foundation.Projection.dll /reference:C:\Users\SohaibAli\.nuget\packages\microsoft.windowsappsdk.foundation\1.8.260203002\lib\net6.0-windows10.0.17763.0\Microsoft.Windows.Management.Deployment.Projection.dll /reference:C:\Users\SohaibAli\.nuget\packages\microsoft.windowsappsdk.foundation\1.8.260203002\lib\net6.0-windows10.0.17763.0\Microsoft.Windows.Media.Capture.Projection.dll /reference:C:\Users\SohaibAli\.nuget\packages\microsoft.windowsappsdk.foundation\1.8.260203002\lib\net6.0-windows10.0.17763.0\Microsoft.Windows.PushNotifications.Projection.dll /reference:C:\Users\SohaibAli\.nuget\packages\microsoft.windows.sdk.net.ref\10.0.19041.57\lib\net8.0\Microsoft.Windows.SDK.NET.dll /reference:C:\Users\SohaibAli\.nuget\packages\microsoft.windowsappsdk.foundation\1.8.260203002\lib\net6.0-windows10.0.17763.0\Microsoft.Windows.Security.AccessControl.Projection.dll /reference:C:\Users\SohaibAli\.nuget\packages\microsoft.windowsappsdk.foundation\1.8.260203002\lib\net6.0-windows10.0.17763.0\Microsoft.Windows.Storage.Pickers.Projection.dll /reference:C:\Users\SohaibAli\.nuget\packages\microsoft.windowsappsdk.foundation\1.8.260203002\lib\net6.0-windows10.0.17763.0\Microsoft.Windows.Storage.Projection.dll /reference:C:\Users\SohaibAli\.nuget\packages\microsoft.windowsappsdk.foundation\1.8.260203002\lib\net6.0-windows10.0.17763.0\Microsoft.Windows.System.Power.Projection.dll /reference:C:\Users\SohaibAli\.nuget\packages\microsoft.windowsappsdk.foundation\1.8.260203002\lib\net6.0-windows10.0.17763.0\Microsoft.Windows.System.Projection.dll /reference:C:\Users\SohaibAli\.nuget\packages\microsoft.windowsappsdk.widgets\1.8.251231004\lib\net6.0-windows10.0.17763.0\Microsoft.Windows.Widgets.Projection.dll /reference:C:\Users\SohaibAli\.nuget\packages\microsoft.windowsappsdk.foundation\1.8.260203002\lib\net6.0-windows10.0.17763.0\Microsoft.WindowsAppRuntime.Bootstrap.Net.dll /reference:C:\Users\SohaibAli\.nuget\packages\microsoft.windowsappsdk.winui\1.8.260204000\lib\net6.0-windows10.0.17763.0\Microsoft.WinUI.dll /reference:"C:\Program Files\dotnet\packs\Microsoft.NETCore.App.Ref\8.0.24\ref\net8.0\mscorlib.dll" /reference:"C:\Program Files\dotnet\packs\Microsoft.NETCore.App.Ref\8.0.24\ref\net8.0\netstandard.dll" /reference:"C:\Program Files\dotnet\packs\Microsoft.NETCore.App.Ref\8.0.24\ref\net8.0\System.AppContext.dll" /reference:"C:\Program Files\dotnet\packs\Microsoft.NETCore.App.Ref\8.0.24\ref\net8.0\System.Buffers.dll" /reference:"C:\Program Files\dotnet\packs\Microsoft.NETCore.App.Ref\8.0.24\ref\net8.0\System.Collections.Concurrent.dll" /reference:"C:\Program Files\dotnet\packs\Microsoft.NETCore.App.Ref\8.0.24\ref\net8.0\System.Collections.dll" /reference:"C:\Program Files\dotnet\packs\Microsoft.NETCore.App.Ref\8.0.24\ref\net8.0\System.Collections.Immutable.dll" /reference:"C:\Program Files\dotnet\packs\Microsoft.NETCore.App.Ref\8.0.24\ref\net8.0\System.Collections.NonGeneric.dll" /reference:"C:\Program Files\dotnet\packs\Microsoft.NETCore.App.Ref\8.0.24\ref\net8.0\System.Collections.Specialized.dll" /reference:"C:\Program Files\dotnet\packs\Microsoft.NETCore.App.Ref\8.0.24\ref\net8.0\System.ComponentModel.Annotations.dll" /reference:"C:\Program Files\dotnet\packs\Microsoft.NETCore.App.Ref\8.0.24\ref\net8.0\System.ComponentModel.DataAnnotations.dll" /reference:"C:\Program Files\dotnet\packs\Microsoft.NETCore.App.Ref\8.0.24\ref\net8.0\System.ComponentModel.dll" /reference:"C:\Program Files\dotnet\packs\Microsoft.NETCore.App.Ref\8.0.24\ref\net8.0\System.ComponentModel.EventBasedAsync.dll" /reference:"C:\Program Files\dotnet\packs\Microsoft.NETCore.App.Ref\8.0.24\ref\net8.0\System.ComponentModel.Primitives.dll" /reference:"C:\Program Files\dotnet\packs\Microsoft.NETCore.App.Ref\8.0.24\ref\net8.0\System.ComponentModel.TypeConverter.dll" /reference:"C:\Program Files\dotnet\packs\Microsoft.NETCore.App.Ref\8.0.24\ref\net8.0\System.Configuration.dll" /reference:"C:\Program Files\dotnet\packs\Microsoft.NETCore.App.Ref\8.0.24\ref\net8.0\System.Console.dll" /reference:"C:\Program Files\dotnet\packs\Microsoft.NETCore.App.Ref\8.0.24\ref\net8.0\System.Core.dll" /reference:"C:\Program Files\dotnet\packs\Microsoft.NETCore.App.Ref\8.0.24\ref\net8.0\System.Data.Common.dll" /reference:"C:\Program Files\dotnet\packs\Microsoft.NETCore.App.Ref\8.0.24\ref\net8.0\System.Data.DataSetExtensions.dll" /reference:"C:\Program Files\dotnet\packs\Microsoft.NETCore.App.Ref\8.0.24\ref\net8.0\System.Data.dll" /reference:"C:\Program Files\dotnet\packs\Microsoft.NETCore.App.Ref\8.0.24\ref\net8.0\System.Diagnostics.Contracts.dll" /reference:"C:\Program Files\dotnet\packs\Microsoft.NETCore.App.Ref\8.0.24\ref\net8.0\System.Diagnostics.Debug.dll" /reference:C:\Users\SohaibAli\.nuget\packages\system.diagnostics.diagnosticsource\10.0.3\lib\net8.0\System.Diagnostics.DiagnosticSource.dll /reference:"C:\Program Files\dotnet\packs\Microsoft.NETCore.App.Ref\8.0.24\ref\net8.0\System.Diagnostics.FileVersionInfo.dll" /reference:"C:\Program Files\dotnet\packs\Microsoft.NETCore.App.Ref\8.0.24\ref\net8.0\System.Diagnostics.Process.dll" /reference:"C:\Program Files\dotnet\packs\Microsoft.NETCore.App.Ref\8.0.24\ref\net8.0\System.Diagnostics.StackTrace.dll" /reference:"C:\Program Files\dotnet\packs\Microsoft.NETCore.App.Ref\8.0.24\ref\net8.0\System.Diagnostics.TextWriterTraceListener.dll" /reference:"C:\Program Files\dotnet\packs\Microsoft.NETCore.App.Ref\8.0.24\ref\net8.0\System.Diagnostics.Tools.dll" /reference:"C:\Program Files\dotnet\packs\Microsoft.NETCore.App.Ref\8.0.24\ref\net8.0\System.Diagnostics.TraceSource.dll" /reference:"C:\Program Files\dotnet\packs\Microsoft.NETCore.App.Ref\8.0.24\ref\net8.0\System.Diagnostics.Tracing.dll" /reference:"C:\Program Files\dotnet\packs\Microsoft.NETCore.App.Ref\8.0.24\ref\net8.0\System.dll" /reference:"C:\Program Files\dotnet\packs\Microsoft.NETCore.App.Ref\8.0.24\ref\net8.0\System.Drawing.dll" /reference:"C:\Program Files\dotnet\packs\Microsoft.NETCore.App.Ref\8.0.24\ref\net8.0\System.Drawing.Primitives.dll" /reference:"C:\Program Files\dotnet\packs\Microsoft.NETCore.App.Ref\8.0.24\ref\net8.0\System.Dynamic.Runtime.dll" /reference:"C:\Program Files\dotnet\packs\Microsoft.NETCore.App.Ref\8.0.24\ref\net8.0\System.Formats.Asn1.dll" /reference:"C:\Program Files\dotnet\packs\Microsoft.NETCore.App.Ref\8.0.24\ref\net8.0\System.Formats.Tar.dll" /reference:"C:\Program Files\dotnet\packs\Microsoft.NETCore.App.Ref\8.0.24\ref\net8.0\System.Globalization.Calendars.dll" /reference:"C:\Program Files\dotnet\packs\Microsoft.NETCore.App.Ref\8.0.24\ref\net8.0\System.Globalization.dll" /reference:"C:\Program Files\dotnet\packs\Microsoft.NETCore.App.Ref\8.0.24\ref\net8.0\System.Globalization.Extensions.dll" /reference:"C:\Program Files\dotnet\packs\Microsoft.NETCore.App.Ref\8.0.24\ref\net8.0\System.IO.Compression.Brotli.dll" /reference:"C:\Program Files\dotnet\packs\Microsoft.NETCore.App.Ref\8.0.24\ref\net8.0\System.IO.Compression.dll" /reference:"C:\Program Files\dotnet\packs\Microsoft.NETCore.App.Ref\8.0.24\ref\net8.0\System.IO.Compression.FileSystem.dll" /reference:"C:\Program Files\dotnet\packs\Microsoft.NETCore.App.Ref\8.0.24\ref\net8.0\System.IO.Compression.ZipFile.dll" /reference:"C:\Program Files\dotnet\packs\Microsoft.NETCore.App.Ref\8.0.24\ref\net8.0\System.IO.dll" /reference:"C:\Program Files\dotnet\packs\Microsoft.NETCore.App.Ref\8.0.24\ref\net8.0\System.IO.FileSystem.AccessControl.dll" /reference:"C:\Program Files\dotnet\packs\Microsoft.NETCore.App.Ref\8.0.24\ref\net8.0\System.IO.FileSystem.dll" /reference:"C:\Program Files\dotnet\packs\Microsoft.NETCore.App.Ref\8.0.24\ref\net8.0\System.IO.FileSystem.DriveInfo.dll" /reference:"C:\Program Files\dotnet\packs\Microsoft.NETCore.App.Ref\8.0.24\ref\net8.0\System.IO.FileSystem.Primitives.dll" /reference:"C:\Program Files\dotnet\packs\Microsoft.NETCore.App.Ref\8.0.24\ref\net8.0\System.IO.FileSystem.Watcher.dll" /reference:"C:\Program Files\dotnet\packs\Microsoft.NETCore.App.Ref\8.0.24\ref\net8.0\System.IO.IsolatedStorage.dll" /reference:"C:\Program Files\dotnet\packs\Microsoft.NETCore.App.Ref\8.0.24\ref\net8.0\System.IO.MemoryMappedFiles.dll" /reference:"C:\Program Files\dotnet\packs\Microsoft.NETCore.App.Ref\8.0.24\ref\net8.0\System.IO.Pipes.AccessControl.dll" /reference:"C:\Program Files\dotnet\packs\Microsoft.NETCore.App.Ref\8.0.24\ref\net8.0\System.IO.Pipes.dll" /reference:"C:\Program Files\dotnet\packs\Microsoft.NETCore.App.Ref\8.0.24\ref\net8.0\System.IO.UnmanagedMemoryStream.dll" /reference:"C:\Program Files\dotnet\packs\Microsoft.NETCore.App.Ref\8.0.24\ref\net8.0\System.Linq.dll" /reference:"C:\Program Files\dotnet\packs\Microsoft.NETCore.App.Ref\8.0.24\ref\net8.0\System.Linq.Expressions.dll" /reference:"C:\Program Files\dotnet\packs\Microsoft.NETCore.App.Ref\8.0.24\ref\net8.0\System.Linq.Parallel.dll" /reference:"C:\Program Files\dotnet\packs\Microsoft.NETCore.App.Ref\8.0.24\ref\net8.0\System.Linq.Queryable.dll" /reference:"C:\Program Files\dotnet\packs\Microsoft.NETCore.App.Ref\8.0.24\ref\net8.0\System.Memory.dll" /reference:"C:\Program Files\dotnet\packs\Microsoft.NETCore.App.Ref\8.0.24\ref\net8.0\System.Net.dll" /reference:"C:\Program Files\dotnet\packs\Microsoft.NETCore.App.Ref\8.0.24\ref\net8.0\System.Net.Http.dll" /reference:"C:\Program Files\dotnet\packs\Microsoft.NETCore.App.Ref\8.0.24\ref\net8.0\System.Net.Http.Json.dll" /reference:"C:\Program Files\dotnet\packs\Microsoft.NETCore.App.Ref\8.0.24\ref\net8.0\System.Net.HttpListener.dll" /reference:"C:\Program Files\dotnet\packs\Microsoft.NETCore.App.Ref\8.0.24\ref\net8.0\System.Net.Mail.dll" /reference:"C:\Program Files\dotnet\packs\Microsoft.NETCore.App.Ref\8.0.24\ref\net8.0\System.Net.NameResolution.dll" /reference:"C:\Program Files\dotnet\packs\Microsoft.NETCore.App.Ref\8.0.24\ref\net8.0\System.Net.NetworkInformation.dll" /reference:"C:\Program Files\dotnet\packs\Microsoft.NETCore.App.Ref\8.0.24\ref\net8.0\System.Net.Ping.dll" /reference:"C:\Program Files\dotnet\packs\Microsoft.NETCore.App.Ref\8.0.24\ref\net8.0\System.Net.Primitives.dll" /reference:"C:\Program Files\dotnet\packs\Microsoft.NETCore.App.Ref\8.0.24\ref\net8.0\System.Net.Quic.dll" /reference:"C:\Program Files\dotnet\packs\Microsoft.NETCore.App.Ref\8.0.24\ref\net8.0\System.Net.Requests.dll" /reference:"C:\Program Files\dotnet\packs\Microsoft.NETCore.App.Ref\8.0.24\ref\net8.0\System.Net.Security.dll" /reference:"C:\Program Files\dotnet\packs\Microsoft.NETCore.App.Ref\8.0.24\ref\net8.0\System.Net.ServicePoint.dll" /reference:"C:\Program Files\dotnet\packs\Microsoft.NETCore.App.Ref\8.0.24\ref\net8.0\System.Net.Sockets.dll" /reference:"C:\Program Files\dotnet\packs\Microsoft.NETCore.App.Ref\8.0.24\ref\net8.0\System.Net.WebClient.dll" /reference:"C:\Program Files\dotnet\packs\Microsoft.NETCore.App.Ref\8.0.24\ref\net8.0\System.Net.WebHeaderCollection.dll" /reference:"C:\Program Files\dotnet\packs\Microsoft.NETCore.App.Ref\8.0.24\ref\net8.0\System.Net.WebProxy.dll" /reference:"C:\Program Files\dotnet\packs\Microsoft.NETCore.App.Ref\8.0.24\ref\net8.0\System.Net.WebSockets.Client.dll" /reference:"C:\Program Files\dotnet\packs\Microsoft.NETCore.App.Ref\8.0.24\ref\net8.0\System.Net.WebSockets.dll" /reference:"C:\Program Files\dotnet\packs\Microsoft.NETCore.App.Ref\8.0.24\ref\net8.0\System.Numerics.dll" /reference:C:\Users\SohaibAli\.nuget\packages\system.numerics.tensors\9.0.0\lib\net8.0\System.Numerics.Tensors.dll /reference:"C:\Program Files\dotnet\packs\Microsoft.NETCore.App.Ref\8.0.24\ref\net8.0\System.Numerics.Vectors.dll" /reference:"C:\Program Files\dotnet\packs\Microsoft.NETCore.App.Ref\8.0.24\ref\net8.0\System.ObjectModel.dll" /reference:"C:\Program Files\dotnet\packs\Microsoft.NETCore.App.Ref\8.0.24\ref\net8.0\System.Reflection.DispatchProxy.dll" /reference:"C:\Program Files\dotnet\packs\Microsoft.NETCore.App.Ref\8.0.24\ref\net8.0\System.Reflection.dll" /reference:"C:\Program Files\dotnet\packs\Microsoft.NETCore.App.Ref\8.0.24\ref\net8.0\System.Reflection.Emit.dll" /reference:"C:\Program Files\dotnet\packs\Microsoft.NETCore.App.Ref\8.0.24\ref\net8.0\System.Reflection.Emit.ILGeneration.dll" /reference:"C:\Program Files\dotnet\packs\Microsoft.NETCore.App.Ref\8.0.24\ref\net8.0\System.Reflection.Emit.Lightweight.dll" /reference:"C:\Program Files\dotnet\packs\Microsoft.NETCore.App.Ref\8.0.24\ref\net8.0\System.Reflection.Extensions.dll" /reference:"C:\Program Files\dotnet\packs\Microsoft.NETCore.App.Ref\8.0.24\ref\net8.0\System.Reflection.Metadata.dll" /reference:"C:\Program Files\dotnet\packs\Microsoft.NETCore.App.Ref\8.0.24\ref\net8.0\System.Reflection.Primitives.dll" /reference:"C:\Program Files\dotnet\packs\Microsoft.NETCore.App.Ref\8.0.24\ref\net8.0\System.Reflection.TypeExtensions.dll" /reference:"C:\Program Files\dotnet\packs\Microsoft.NETCore.App.Ref\8.0.24\ref\net8.0\System.Resources.Reader.dll" /reference:"C:\Program Files\dotnet\packs\Microsoft.NETCore.App.Ref\8.0.24\ref\net8.0\System.Resources.ResourceManager.dll" /reference:"C:\Program Files\dotnet\packs\Microsoft.NETCore.App.Ref\8.0.24\ref\net8.0\System.Resources.Writer.dll" /reference:"C:\Program Files\dotnet\packs\Microsoft.NETCore.App.Ref\8.0.24\ref\net8.0\System.Runtime.CompilerServices.Unsafe.dll" /reference:"C:\Program Files\dotnet\packs\Microsoft.NETCore.App.Ref\8.0.24\ref\net8.0\System.Runtime.CompilerServices.VisualC.dll" /reference:"C:\Program Files\dotnet\packs\Microsoft.NETCore.App.Ref\8.0.24\ref\net8.0\System.Runtime.dll" /reference:"C:\Program Files\dotnet\packs\Microsoft.NETCore.App.Ref\8.0.24\ref\net8.0\System.Runtime.Extensions.dll" /reference:"C:\Program Files\dotnet\packs\Microsoft.NETCore.App.Ref\8.0.24\ref\net8.0\System.Runtime.Handles.dll" /reference:"C:\Program Files\dotnet\packs\Microsoft.NETCore.App.Ref\8.0.24\ref\net8.0\System.Runtime.InteropServices.dll" /reference:"C:\Program Files\dotnet\packs\Microsoft.NETCore.App.Ref\8.0.24\ref\net8.0\System.Runtime.InteropServices.JavaScript.dll" /reference:"C:\Program Files\dotnet\packs\Microsoft.NETCore.App.Ref\8.0.24\ref\net8.0\System.Runtime.InteropServices.RuntimeInformation.dll" /reference:"C:\Program Files\dotnet\packs\Microsoft.NETCore.App.Ref\8.0.24\ref\net8.0\System.Runtime.Intrinsics.dll" /reference:"C:\Program Files\dotnet\packs\Microsoft.NETCore.App.Ref\8.0.24\ref\net8.0\System.Runtime.Loader.dll" /reference:"C:\Program Files\dotnet\packs\Microsoft.NETCore.App.Ref\8.0.24\ref\net8.0\System.Runtime.Numerics.dll" /reference:"C:\Program Files\dotnet\packs\Microsoft.NETCore.App.Ref\8.0.24\ref\net8.0\System.Runtime.Serialization.dll" /reference:"C:\Program Files\dotnet\packs\Microsoft.NETCore.App.Ref\8.0.24\ref\net8.0\System.Runtime.Serialization.Formatters.dll" /reference:"C:\Program Files\dotnet\packs\Microsoft.NETCore.App.Ref\8.0.24\ref\net8.0\System.Runtime.Serialization.Json.dll" /reference:"C:\Program Files\dotnet\packs\Microsoft.NETCore.App.Ref\8.0.24\ref\net8.0\System.Runtime.Serialization.Primitives.dll" /reference:"C:\Program Files\dotnet\packs\Microsoft.NETCore.App.Ref\8.0.24\ref\net8.0\System.Runtime.Serialization.Xml.dll" /reference:"C:\Program Files\dotnet\packs\Microsoft.NETCore.App.Ref\8.0.24\ref\net8.0\System.Security.AccessControl.dll" /reference:"C:\Program Files\dotnet\packs\Microsoft.NETCore.App.Ref\8.0.24\ref\net8.0\System.Security.Claims.dll" /reference:"C:\Program Files\dotnet\packs\Microsoft.NETCore.App.Ref\8.0.24\ref\net8.0\System.Security.Cryptography.Algorithms.dll" /reference:"C:\Program Files\dotnet\packs\Microsoft.NETCore.App.Ref\8.0.24\ref\net8.0\System.Security.Cryptography.Cng.dll" /reference:"C:\Program Files\dotnet\packs\Microsoft.NETCore.App.Ref\8.0.24\ref\net8.0\System.Security.Cryptography.Csp.dll" /reference:"C:\Program Files\dotnet\packs\Microsoft.NETCore.App.Ref\8.0.24\ref\net8.0\System.Security.Cryptography.dll" /reference:"C:\Program Files\dotnet\packs\Microsoft.NETCore.App.Ref\8.0.24\ref\net8.0\System.Security.Cryptography.Encoding.dll" /reference:"C:\Program Files\dotnet\packs\Microsoft.NETCore.App.Ref\8.0.24\ref\net8.0\System.Security.Cryptography.OpenSsl.dll" /reference:"C:\Program Files\dotnet\packs\Microsoft.NETCore.App.Ref\8.0.24\ref\net8.0\System.Security.Cryptography.Primitives.dll" /reference:"C:\Program Files\dotnet\packs\Microsoft.NETCore.App.Ref\8.0.24\ref\net8.0\System.Security.Cryptography.X509Certificates.dll" /reference:"C:\Program Files\dotnet\packs\Microsoft.NETCore.App.Ref\8.0.24\ref\net8.0\System.Security.dll" /reference:"C:\Program Files\dotnet\packs\Microsoft.NETCore.App.Ref\8.0.24\ref\net8.0\System.Security.Principal.dll" /reference:"C:\Program Files\dotnet\packs\Microsoft.NETCore.App.Ref\8.0.24\ref\net8.0\System.Security.Principal.Windows.dll" /reference:"C:\Program Files\dotnet\packs\Microsoft.NETCore.App.Ref\8.0.24\ref\net8.0\System.Security.SecureString.dll" /reference:"C:\Program Files\dotnet\packs\Microsoft.NETCore.App.Ref\8.0.24\ref\net8.0\System.ServiceModel.Web.dll" /reference:"C:\Program Files\dotnet\packs\Microsoft.NETCore.App.Ref\8.0.24\ref\net8.0\System.ServiceProcess.dll" /reference:"C:\Program Files\dotnet\packs\Microsoft.NETCore.App.Ref\8.0.24\ref\net8.0\System.Text.Encoding.CodePages.dll" /reference:"C:\Program Files\dotnet\packs\Microsoft.NETCore.App.Ref\8.0.24\ref\net8.0\System.Text.Encoding.dll" /reference:"C:\Program Files\dotnet\packs\Microsoft.NETCore.App.Ref\8.0.24\ref\net8.0\System.Text.Encoding.Extensions.dll" /reference:"C:\Program Files\dotnet\packs\Microsoft.NETCore.App.Ref\8.0.24\ref\net8.0\System.Text.Encodings.Web.dll" /reference:"C:\Program Files\dotnet\packs\Microsoft.NETCore.App.Ref\8.0.24\ref\net8.0\System.Text.Json.dll" /reference:"C:\Program Files\dotnet\packs\Microsoft.NETCore.App.Ref\8.0.24\ref\net8.0\System.Text.RegularExpressions.dll" /reference:"C:\Program Files\dotnet\packs\Microsoft.NETCore.App.Ref\8.0.24\ref\net8.0\System.Threading.Channels.dll" /reference:"C:\Program Files\dotnet\packs\Microsoft.NETCore.App.Ref\8.0.24\ref\net8.0\System.Threading.dll" /reference:"C:\Program Files\dotnet\packs\Microsoft.NETCore.App.Ref\8.0.24\ref\net8.0\System.Threading.Overlapped.dll" /reference:"C:\Program Files\dotnet\packs\Microsoft.NETCore.App.Ref\8.0.24\ref\net8.0\System.Threading.Tasks.Dataflow.dll" /reference:"C:\Program Files\dotnet\packs\Microsoft.NETCore.App.Ref\8.0.24\ref\net8.0\System.Threading.Tasks.dll" /reference:"C:\Program Files\dotnet\packs\Microsoft.NETCore.App.Ref\8.0.24\ref\net8.0\System.Threading.Tasks.Extensions.dll" /reference:"C:\Program Files\dotnet\packs\Microsoft.NETCore.App.Ref\8.0.24\ref\net8.0\System.Threading.Tasks.Parallel.dll" /reference:"C:\Program Files\dotnet\packs\Microsoft.NETCore.App.Ref\8.0.24\ref\net8.0\System.Threading.Thread.dll" /reference:"C:\Program Files\dotnet\packs\Microsoft.NETCore.App.Ref\8.0.24\ref\net8.0\System.Threading.ThreadPool.dll" /reference:"C:\Program Files\dotnet\packs\Microsoft.NETCore.App.Ref\8.0.24\ref\net8.0\System.Threading.Timer.dll" /reference:"C:\Program Files\dotnet\packs\Microsoft.NETCore.App.Ref\8.0.24\ref\net8.0\System.Transactions.dll" /reference:"C:\Program Files\dotnet\packs\Microsoft.NETCore.App.Ref\8.0.24\ref\net8.0\System.Transactions.Local.dll" /reference:"C:\Program Files\dotnet\packs\Microsoft.NETCore.App.Ref\8.0.24\ref\net8.0\System.ValueTuple.dll" /reference:"C:\Program Files\dotnet\packs\Microsoft.NETCore.App.Ref\8.0.24\ref\net8.0\System.Web.dll" /reference:"C:\Program Files\dotnet\packs\Microsoft.NETCore.App.Ref\8.0.24\ref\net8.0\System.Web.HttpUtility.dll" /reference:"C:\Program Files\dotnet\packs\Microsoft.NETCore.App.Ref\8.0.24\ref\net8.0\System.Windows.dll" /reference:"C:\Program Files\dotnet\packs\Microsoft.NETCore.App.Ref\8.0.24\ref\net8.0\System.Xml.dll" /reference:"C:\Program Files\dotnet\packs\Microsoft.NETCore.App.Ref\8.0.24\ref\net8.0\System.Xml.Linq.dll" /reference:"C:\Program Files\dotnet\packs\Microsoft.NETCore.App.Ref\8.0.24\ref\net8.0\System.Xml.ReaderWriter.dll" /reference:"C:\Program Files\dotnet\packs\Microsoft.NETCore.App.Ref\8.0.24\ref\net8.0\System.Xml.Serialization.dll" /reference:"C:\Program Files\dotnet\packs\Microsoft.NETCore.App.Ref\8.0.24\ref\net8.0\System.Xml.XDocument.dll" /reference:"C:\Program Files\dotnet\packs\Microsoft.NETCore.App.Ref\8.0.24\ref\net8.0\System.Xml.XmlDocument.dll" /reference:"C:\Program Files\dotnet\packs\Microsoft.NETCore.App.Ref\8.0.24\ref\net8.0\System.Xml.XmlSerializer.dll" /reference:"C:\Program Files\dotnet\packs\Microsoft.NETCore.App.Ref\8.0.24\ref\net8.0\System.Xml.XPath.dll" /reference:"C:\Program Files\dotnet\packs\Microsoft.NETCore.App.Ref\8.0.24\ref\net8.0\System.Xml.XPath.XDocument.dll" /reference:"C:\Program Files\dotnet\packs\Microsoft.NETCore.App.Ref\8.0.24\ref\net8.0\WindowsBase.dll" /reference:C:\Users\SohaibAli\.nuget\packages\microsoft.windows.sdk.net.ref\10.0.19041.57\lib\net8.0\WinRT.Runtime.dll /debug- /filealign:512 /optimize- /out:obj\x64\Debug\net8.0-windows10.0.19041.0\win-x64\intermediatexaml\PotomacAnalyst.dll /subsystemversion:6.00 /target:winexe /warnaserror- /utf8output /deterministic+ /langversion:12.0 /skipanalyzers+ /analyzerconfig:obj\x64\Debug\net8.0-windows10.0.19041.0\win-x64\PotomacAnalyst.GeneratedMSBuildEditorConfig.editorconfig /analyzer:"C:\Program Files\dotnet\sdk\10.0.103\Sdks\Microsoft.NET.Sdk\targets\..\analyzers\Microsoft.CodeAnalysis.CSharp.NetAnalyzers.dll" /analyzer:"C:\Program Files\dotnet\sdk\10.0.103\Sdks\Microsoft.NET.Sdk\targets\..\analyzers\Microsoft.CodeAnalysis.NetAnalyzers.dll" /analyzer:C:\Users\SohaibAli\.nuget\packages\communitytoolkit.mvvm\8.4.0\analyzers\dotnet\roslyn4.12\cs\CommunityToolkit.Mvvm.CodeFixers.dll /analyzer:C:\Users\SohaibAli\.nuget\packages\communitytoolkit.mvvm\8.4.0\analyzers\dotnet\roslyn4.12\cs\CommunityToolkit.Mvvm.SourceGenerators.dll /analyzer:C:\Users\SohaibAli\.nuget\packages\microsoft.extensions.logging.abstractions\10.0.3\analyzers\dotnet\roslyn4.4\cs\Microsoft.Extensions.Logging.Generators.dll /analyzer:C:\Users\SohaibAli\.nuget\packages\microsoft.extensions.options\10.0.3\analyzers\dotnet\roslyn4.4\cs\Microsoft.Extensions.Options.SourceGeneration.dll /analyzer:"C:\Program Files\dotnet\packs\Microsoft.NETCore.App.Ref\8.0.24\analyzers/dotnet/cs/Microsoft.Interop.ComInterfaceGenerator.dll" /analyzer:"C:\Program Files\dotnet\packs\Microsoft.NETCore.App.Ref\8.0.24\analyzers/dotnet/cs/Microsoft.Interop.JavaScript.JSImportGenerator.dll" /analyzer:"C:\Program Files\dotnet\packs\Microsoft.NETCore.App.Ref\8.0.24\analyzers/dotnet/cs/Microsoft.Interop.LibraryImportGenerator.dll" /analyzer:"C:\Program Files\dotnet\packs\Microsoft.NETCore.App.Ref\8.0.24\analyzers/dotnet/cs/Microsoft.Interop.SourceGeneration.dll" /analyzer:"C:\Program Files\dotnet\packs\Microsoft.NETCore.App.Ref\8.0.24\analyzers/dotnet/cs/System.Text.Json.SourceGeneration.dll" /analyzer:"C:\Program Files\dotnet\packs\Microsoft.NETCore.App.Ref\8.0.24\analyzers/dotnet/cs/System.Text.RegularExpressions.Generator.dll" /analyzer:C:\Users\SohaibAli\.nuget\packages\microsoft.windows.sdk.net.ref\10.0.19041.57\analyzers/dotnet/cs/WinRT.SourceGenerator.dll App.xaml.cs Controls\Attachments.cs GenUi\GenUiCardBuilder.cs GlobalUsings.cs MainWindow.xaml.cs Models\ApiModels.cs Models\AuthModels.cs Services\ApiService.cs Services\AuthService.cs Services\SessionService.cs Views\Auth\ForgotPasswordPage.xaml.cs Views\Auth\LoginPage.xaml.cs Views\Auth\RegisterPage.xaml.cs Views\Pages\AflGeneratorPage.xaml.cs Views\Pages\AutopilotPage.xaml.cs Views\Pages\BacktestPage.xaml.cs Views\Pages\ChatPage.xaml.cs Views\Pages\ContentPage.xaml.cs Views\Pages\DashboardPage.xaml.cs Views\Pages\DeckGeneratorPage.xaml.cs Views\Pages\DeveloperPage.xaml.cs Views\Pages\KnowledgeBasePage.xaml.cs Views\Pages\ResearcherPage.xaml.cs Views\Pages\ReverseEngineerPage.xaml.cs Views\Pages\SettingsPage.xaml.cs Views\Pages\SkillsPage.xaml.cs C:\Users\SohaibAli\.nuget\packages\microsoft.windowsappsdk.foundation\1.8.260203002\buildTransitive\..\include\DeploymentManagerAutoInitializer.cs C:\Users\SohaibAli\.nuget\packages\microsoft.windowsappsdk.runtime\1.8.260209005\buildTransitive\..\include\WindowsAppSDK-VersionInfo.cs C:\Users\SohaibAli\Documents\PotomacAnalyst\obj\x64\Debug\net8.0-windows10.0.19041.0\win-x64\App.g.i.cs C:\Users\SohaibAli\Documents\PotomacAnalyst\obj\x64\Debug\net8.0-windows10.0.19041.0\win-x64\App.g.cs C:\Users\SohaibAli\Documents\PotomacAnalyst\obj\x64\Debug\net8.0-windows10.0.19041.0\win-x64\MainWindow.g.i.cs C:\Users\SohaibAli\Documents\PotomacAnalyst\obj\x64\Debug\net8.0-windows10.0.19041.0\win-x64\MainWindow.g.cs C:\Users\SohaibAli\Documents\PotomacAnalyst\obj\x64\Debug\net8.0-windows10.0.19041.0\win-x64\Views\Auth\ForgotPasswordPage.g.i.cs C:\Users\SohaibAli\Documents\PotomacAnalyst\obj\x64\Debug\net8.0-windows10.0.19041.0\win-x64\Views\Auth\ForgotPasswordPage.g.cs C:\Users\SohaibAli\Documents\PotomacAnalyst\obj\x64\Debug\net8.0-windows10.0.19041.0\win-x64\Views\Auth\LoginPage.g.i.cs C:\Users\SohaibAli\Documents\PotomacAnalyst\obj\x64\Debug\net8.0-windows10.0.19041.0\win-x64\Views\Auth\LoginPage.g.cs C:\Users\SohaibAli\Documents\PotomacAnalyst\obj\x64\Debug\net8.0-windows10.0.19041.0\win-x64\Views\Auth\RegisterPage.g.i.cs C:\Users\SohaibAli\Documents\PotomacAnalyst\obj\x64\Debug\net8.0-windows10.0.19041.0\win-x64\Views\Auth\RegisterPage.g.cs C:\Users\SohaibAli\Documents\PotomacAnalyst\obj\x64\Debug\net8.0-windows10.0.19041.0\win-x64\Views\Pages\AflGeneratorPage.g.i.cs C:\Users\SohaibAli\Documents\PotomacAnalyst\obj\x64\Debug\net8.0-windows10.0.19041.0\win-x64\Views\Pages\AflGeneratorPage.g.cs C:\Users\SohaibAli\Documents\PotomacAnalyst\obj\x64\Debug\net8.0-windows10.0.19041.0\win-x64\Views\Pages\AutopilotPage.g.i.cs C:\Users\SohaibAli\Documents\PotomacAnalyst\obj\x64\Debug\net8.0-windows10.0.19041.0\win-x64\Views\Pages\AutopilotPage.g.cs C:\Users\SohaibAli\Documents\PotomacAnalyst\obj\x64\Debug\net8.0-windows10.0.19041.0\win-x64\Views\Pages\BacktestPage.g.i.cs C:\Users\SohaibAli\Documents\PotomacAnalyst\obj\x64\Debug\net8.0-windows10.0.19041.0\win-x64\Views\Pages\BacktestPage.g.cs C:\Users\SohaibAli\Documents\PotomacAnalyst\obj\x64\Debug\net8.0-windows10.0.19041.0\win-x64\Views\Pages\ChatPage.g.i.cs C:\Users\SohaibAli\Documents\PotomacAnalyst\obj\x64\Debug\net8.0-windows10.0.19041.0\win-x64\Views\Pages\ChatPage.g.cs C:\Users\SohaibAli\Documents\PotomacAnalyst\obj\x64\Debug\net8.0-windows10.0.19041.0\win-x64\Views\Pages\ContentPage.g.i.cs C:\Users\SohaibAli\Documents\PotomacAnalyst\obj\x64\Debug\net8.0-windows10.0.19041.0\win-x64\Views\Pages\ContentPage.g.cs C:\Users\SohaibAli\Documents\PotomacAnalyst\obj\x64\Debug\net8.0-windows10.0.19041.0\win-x64\Views\Pages\DashboardPage.g.i.cs C:\Users\SohaibAli\Documents\PotomacAnalyst\obj\x64\Debug\net8.0-windows10.0.19041.0\win-x64\Views\Pages\DashboardPage.g.cs C:\Users\SohaibAli\Documents\PotomacAnalyst\obj\x64\Debug\net8.0-windows10.0.19041.0\win-x64\Views\Pages\DeckGeneratorPage.g.i.cs C:\Users\SohaibAli\Documents\PotomacAnalyst\obj\x64\Debug\net8.0-windows10.0.19041.0\win-x64\Views\Pages\DeckGeneratorPage.g.cs C:\Users\SohaibAli\Documents\PotomacAnalyst\obj\x64\Debug\net8.0-windows10.0.19041.0\win-x64\Views\Pages\DeveloperPage.g.i.cs C:\Users\SohaibAli\Documents\PotomacAnalyst\obj\x64\Debug\net8.0-windows10.0.19041.0\win-x64\Views\Pages\DeveloperPage.g.cs C:\Users\SohaibAli\Documents\PotomacAnalyst\obj\x64\Debug\net8.0-windows10.0.19041.0\win-x64\Views\Pages\KnowledgeBasePage.g.i.cs C:\Users\SohaibAli\Documents\PotomacAnalyst\obj\x64\Debug\net8.0-windows10.0.19041.0\win-x64\Views\Pages\KnowledgeBasePage.g.cs C:\Users\SohaibAli\Documents\PotomacAnalyst\obj\x64\Debug\net8.0-windows10.0.19041.0\win-x64\Views\Pages\ResearcherPage.g.i.cs C:\Users\SohaibAli\Documents\PotomacAnalyst\obj\x64\Debug\net8.0-windows10.0.19041.0\win-x64\Views\Pages\ResearcherPage.g.cs C:\Users\SohaibAli\Documents\PotomacAnalyst\obj\x64\Debug\net8.0-windows10.0.19041.0\win-x64\Views\Pages\ReverseEngineerPage.g.i.cs C:\Users\SohaibAli\Documents\PotomacAnalyst\obj\x64\Debug\net8.0-windows10.0.19041.0\win-x64\Views\Pages\ReverseEngineerPage.g.cs C:\Users\SohaibAli\Documents\PotomacAnalyst\obj\x64\Debug\net8.0-windows10.0.19041.0\win-x64\Views\Pages\SettingsPage.g.i.cs C:\Users\SohaibAli\Documents\PotomacAnalyst\obj\x64\Debug\net8.0-windows10.0.19041.0\win-x64\Views\Pages\SettingsPage.g.cs C:\Users\SohaibAli\Documents\PotomacAnalyst\obj\x64\Debug\net8.0-windows10.0.19041.0\win-x64\Views\Pages\SkillsPage.g.i.cs C:\Users\SohaibAli\Documents\PotomacAnalyst\obj\x64\Debug\net8.0-windows10.0.19041.0\win-x64\Views\Pages\SkillsPage.g.cs C:\Users\SohaibAli\Documents\PotomacAnalyst\obj\x64\Debug\net8.0-windows10.0.19041.0\win-x64\XamlTypeInfo.g.cs /warnaserror+:NU1605,SYSLIB0011
         Compilation request PotomacAnalyst (net8.0-windows10.0.19041.0), PathToTool=C:\Program Files\dotnet\sdk\10.0.103\Roslyn\bincore\csc.exe
         CommandLine = ' /noconfig'
         BuildResponseFile = '/unsafe- /checked- /nowarn:1701,1702,1701,1702 /fullpaths /nostdlib+ /platform:x64 /errorreport:prompt /warn:8 /define:TRACE;MICROSOFT_WINDOWSAPPSDK_AUTOINITIALIZE_DEPLOYMENTMANAGER;DEBUG;NET;NET8_0;NETCOREAPP;WINDOWS;WINDOWS10_0_19041_0;NET5_0_OR_GREATER;NET6_0_OR_GREATER;NET7_0_OR_GREATER;NET8_0_OR_GREATER;NETCOREAPP1_0_OR_GREATER;NETCOREAPP1_1_OR_GREATER;NETCOREAPP2_0_OR_GREATER;NETCOREAPP2_1_OR_GREATER;NETCOREAPP2_2_OR_GREATER;NETCOREAPP3_0_OR_GREATER;NETCOREAPP3_1_OR_GREATER;WINDOWS10_0_19041_0_OR_GREATER;WINDOWS10_0_18362_0_OR_GREATER;WINDOWS10_0_17763_0_OR_GREATER;WINDOWS8_0_OR_GREATER;WINDOWS7_0_OR_GREATER /highentropyva+ /nullable:enable /reference:C:\Users\SohaibAli\.nuget\packages\communitytoolkit.common\8.2.1\lib\net6.0\CommunityToolkit.Common.dll /reference:C:\Users\SohaibAli\.nuget\packages\communitytoolkit.mvvm\8.4.0\lib\net8.0-windows10.0.17763\CommunityToolkit.Mvvm.dll /reference:C:\Users\SohaibAli\.nuget\packages\communitytoolkit.winui.animations\8.2.251219\lib\net8.0-windows10.0.19041\CommunityToolkit.WinUI.Animations.dll /reference:C:\Users\SohaibAli\.nuget\packages\communitytoolkit.winui.controls.segmented\8.2.251219\lib\net8.0-windows10.0.19041\CommunityToolkit.WinUI.Controls.Segmented.dll /reference:C:\Users\SohaibAli\.nuget\packages\communitytoolkit.winui.converters\8.2.251219\lib\net8.0-windows10.0.19041\CommunityToolkit.WinUI.Converters.dll /reference:C:\Users\SohaibAli\.nuget\packages\communitytoolkit.winui.extensions\8.2.251219\lib\net8.0-windows10.0.19041\CommunityToolkit.WinUI.Extensions.dll /reference:"C:\Program Files\dotnet\packs\Microsoft.NETCore.App.Ref\8.0.24\ref\net8.0\Microsoft.CSharp.dll" /reference:C:\Users\SohaibAli\.nuget\packages\microsoft.extensions.configuration.abstractions\10.0.3\lib\net8.0\Microsoft.Extensions.Configuration.Abstractions.dll /reference:C:\Users\SohaibAli\.nuget\packages\microsoft.extensions.configuration.binder\10.0.3\lib\net8.0\Microsoft.Extensions.Configuration.Binder.dll /reference:C:\Users\SohaibAli\.nuget\packages\microsoft.extensions.configuration\10.0.3\lib\net8.0\Microsoft.Extensions.Configuration.dll /reference:C:\Users\SohaibAli\.nuget\packages\microsoft.extensions.dependencyinjection.abstractions\10.0.3\lib\net8.0\Microsoft.Extensions.DependencyInjection.Abstractions.dll /reference:C:\Users\SohaibAli\.nuget\packages\microsoft.extensions.dependencyinjection\10.0.3\lib\net8.0\Microsoft.Extensions.DependencyInjection.dll /reference:C:\Users\SohaibAli\.nuget\packages\microsoft.extensions.diagnostics.abstractions\10.0.3\lib\net8.0\Microsoft.Extensions.Diagnostics.Abstractions.dll /reference:C:\Users\SohaibAli\.nuget\packages\microsoft.extensions.diagnostics\10.0.3\lib\net8.0\Microsoft.Extensions.Diagnostics.dll /reference:C:\Users\SohaibAli\.nuget\packages\microsoft.extensions.http\10.0.3\lib\net8.0\Microsoft.Extensions.Http.dll /reference:C:\Users\SohaibAli\.nuget\packages\microsoft.extensions.logging.abstractions\10.0.3\lib\net8.0\Microsoft.Extensions.Logging.Abstractions.dll /reference:C:\Users\SohaibAli\.nuget\packages\microsoft.extensions.logging\10.0.3\lib\net8.0\Microsoft.Extensions.Logging.dll /reference:C:\Users\SohaibAli\.nuget\packages\microsoft.extensions.options.configurationextensions\10.0.3\lib\net8.0\Microsoft.Extensions.Options.ConfigurationExtensions.dll /reference:C:\Users\SohaibAli\.nuget\packages\microsoft.extensions.options\10.0.3\lib\net8.0\Microsoft.Extensions.Options.dll /reference:C:\Users\SohaibAli\.nuget\packages\microsoft.extensions.primitives\10.0.3\lib\net8.0\Microsoft.Extensions.Primitives.dll /reference:C:\Users\SohaibAli\.nuget\packages\microsoft.windowsappsdk.ai\1.8.47\lib\net6.0-windows10.0.17763.0\Microsoft.Graphics.Imaging.Projection.dll /reference:C:\Users\SohaibAli\.nuget\packages\microsoft.windowsappsdk.interactiveexperiences\1.8.260125001\lib\net6.0-windows10.0.18362.0\Microsoft.InteractiveExperiences.Projection.dll /reference:C:\Users\SohaibAli\.nuget\packages\microsoft.windowsappsdk.ml\1.8.2124\lib\net8.0-windows10.0.17763.0\Microsoft.ML.OnnxRuntime.dll /reference:C:\Users\SohaibAli\.nuget\packages\microsoft.windowsappsdk.foundation\1.8.260203002\lib\net6.0-windows10.0.17763.0\Microsoft.Security.Authentication.OAuth.Projection.dll /reference:"C:\Program Files\dotnet\packs\Microsoft.NETCore.App.Ref\8.0.24\ref\net8.0\Microsoft.VisualBasic.Core.dll" /reference:"C:\Program Files\dotnet\packs\Microsoft.NETCore.App.Ref\8.0.24\ref\net8.0\Microsoft.VisualBasic.dll" /reference:C:\Users\SohaibAli\.nuget\packages\microsoft.web.webview2\1.0.3179.45\lib_manual\net8.0-windows10.0.17763.0\Microsoft.Web.WebView2.Core.Projection.dll /reference:"C:\Program Files\dotnet\packs\Microsoft.NETCore.App.Ref\8.0.24\ref\net8.0\Microsoft.Win32.Primitives.dll" /reference:"C:\Program Files\dotnet\packs\Microsoft.NETCore.App.Ref\8.0.24\ref\net8.0\Microsoft.Win32.Registry.dll" /reference:C:\Users\SohaibAli\.nuget\packages\microsoft.windowsappsdk.ai\1.8.47\lib\net6.0-windows10.0.17763.0\Microsoft.Windows.AI.ContentSafety.Projection.dll /reference:C:\Users\SohaibAli\.nuget\packages\microsoft.windowsappsdk.ai\1.8.47\lib\net6.0-windows10.0.17763.0\Microsoft.Windows.AI.Foundation.Projection.dll /reference:C:\Users\SohaibAli\.nuget\packages\microsoft.windowsappsdk.ai\1.8.47\lib\net6.0-windows10.0.17763.0\Microsoft.Windows.AI.Imaging.Projection.dll /reference:C:\Users\SohaibAli\.nuget\packages\microsoft.windowsappsdk.ml\1.8.2124\lib\net8.0-windows10.0.17763.0\Microsoft.Windows.AI.MachineLearning.Projection.dll /reference:C:\Users\SohaibAli\.nuget\packages\microsoft.windowsappsdk.ai\1.8.47\lib\net6.0-windows10.0.17763.0\Microsoft.Windows.AI.Projection.dll /reference:C:\Users\SohaibAli\.nuget\packages\microsoft.windowsappsdk.ai\1.8.47\lib\net6.0-windows10.0.17763.0\Microsoft.Windows.AI.Text.Projection.dll /reference:C:\Users\SohaibAli\.nuget\packages\microsoft.windowsappsdk.foundation\1.8.260203002\lib\net6.0-windows10.0.17763.0\Microsoft.Windows.ApplicationModel.Background.Projection.dll /reference:C:\Users\SohaibAli\.nuget\packages\microsoft.windowsappsdk.foundation\1.8.260203002\lib\net6.0-windows10.0.17763.0\Microsoft.Windows.ApplicationModel.DynamicDependency.Projection.dll /reference:C:\Users\SohaibAli\.nuget\packages\microsoft.windowsappsdk.foundation\1.8.260203002\lib\net6.0-windows10.0.17763.0\Microsoft.Windows.ApplicationModel.Resources.Projection.dll /reference:C:\Users\SohaibAli\.nuget\packages\microsoft.windowsappsdk.foundation\1.8.260203002\lib\net6.0-windows10.0.17763.0\Microsoft.Windows.ApplicationModel.WindowsAppRuntime.Projection.dll /reference:C:\Users\SohaibAli\.nuget\packages\microsoft.windowsappsdk.foundation\1.8.260203002\lib\net6.0-windows10.0.17763.0\Microsoft.Windows.AppLifecycle.Projection.dll /reference:C:\Users\SohaibAli\.nuget\packages\microsoft.windowsappsdk.foundation\1.8.260203002\lib\net6.0-windows10.0.17763.0\Microsoft.Windows.AppNotifications.Builder.Projection.dll /reference:C:\Users\SohaibAli\.nuget\packages\microsoft.windowsappsdk.foundation\1.8.260203002\lib\net6.0-windows10.0.17763.0\Microsoft.Windows.AppNotifications.Projection.dll /reference:C:\Users\SohaibAli\.nuget\packages\microsoft.windowsappsdk.foundation\1.8.260203002\lib\net6.0-windows10.0.17763.0\Microsoft.Windows.BadgeNotifications.Projection.dll /reference:C:\Users\SohaibAli\.nuget\packages\microsoft.windowsappsdk.foundation\1.8.260203002\lib\net6.0-windows10.0.17763.0\Microsoft.Windows.Foundation.Projection.dll /reference:C:\Users\SohaibAli\.nuget\packages\microsoft.windowsappsdk.foundation\1.8.260203002\lib\net6.0-windows10.0.17763.0\Microsoft.Windows.Management.Deployment.Projection.dll /reference:C:\Users\SohaibAli\.nuget\packages\microsoft.windowsappsdk.foundation\1.8.260203002\lib\net6.0-windows10.0.17763.0\Microsoft.Windows.Media.Capture.Projection.dll /reference:C:\Users\SohaibAli\.nuget\packages\microsoft.windowsappsdk.foundation\1.8.260203002\lib\net6.0-windows10.0.17763.0\Microsoft.Windows.PushNotifications.Projection.dll /reference:C:\Users\SohaibAli\.nuget\packages\microsoft.windows.sdk.net.ref\10.0.19041.57\lib\net8.0\Microsoft.Windows.SDK.NET.dll /reference:C:\Users\SohaibAli\.nuget\packages\microsoft.windowsappsdk.foundation\1.8.260203002\lib\net6.0-windows10.0.17763.0\Microsoft.Windows.Security.AccessControl.Projection.dll /reference:C:\Users\SohaibAli\.nuget\packages\microsoft.windowsappsdk.foundation\1.8.260203002\lib\net6.0-windows10.0.17763.0\Microsoft.Windows.Storage.Pickers.Projection.dll /reference:C:\Users\SohaibAli\.nuget\packages\microsoft.windowsappsdk.foundation\1.8.260203002\lib\net6.0-windows10.0.17763.0\Microsoft.Windows.Storage.Projection.dll /reference:C:\Users\SohaibAli\.nuget\packages\microsoft.windowsappsdk.foundation\1.8.260203002\lib\net6.0-windows10.0.17763.0\Microsoft.Windows.System.Power.Projection.dll /reference:C:\Users\SohaibAli\.nuget\packages\microsoft.windowsappsdk.foundation\1.8.260203002\lib\net6.0-windows10.0.17763.0\Microsoft.Windows.System.Projection.dll /reference:C:\Users\SohaibAli\.nuget\packages\microsoft.windowsappsdk.widgets\1.8.251231004\lib\net6.0-windows10.0.17763.0\Microsoft.Windows.Widgets.Projection.dll /reference:C:\Users\SohaibAli\.nuget\packages\microsoft.windowsappsdk.foundation\1.8.260203002\lib\net6.0-windows10.0.17763.0\Microsoft.WindowsAppRuntime.Bootstrap.Net.dll /reference:C:\Users\SohaibAli\.nuget\packages\microsoft.windowsappsdk.winui\1.8.260204000\lib\net6.0-windows10.0.17763.0\Microsoft.WinUI.dll /reference:"C:\Program Files\dotnet\packs\Microsoft.NETCore.App.Ref\8.0.24\ref\net8.0\mscorlib.dll" /reference:"C:\Program Files\dotnet\packs\Microsoft.NETCore.App.Ref\8.0.24\ref\net8.0\netstandard.dll" /reference:"C:\Program Files\dotnet\packs\Microsoft.NETCore.App.Ref\8.0.24\ref\net8.0\System.AppContext.dll" /reference:"C:\Program Files\dotnet\packs\Microsoft.NETCore.App.Ref\8.0.24\ref\net8.0\System.Buffers.dll" /reference:"C:\Program Files\dotnet\packs\Microsoft.NETCore.App.Ref\8.0.24\ref\net8.0\System.Collections.Concurrent.dll" /reference:"C:\Program Files\dotnet\packs\Microsoft.NETCore.App.Ref\8.0.24\ref\net8.0\System.Collections.dll" /reference:"C:\Program Files\dotnet\packs\Microsoft.NETCore.App.Ref\8.0.24\ref\net8.0\System.Collections.Immutable.dll" /reference:"C:\Program Files\dotnet\packs\Microsoft.NETCore.App.Ref\8.0.24\ref\net8.0\System.Collections.NonGeneric.dll" /reference:"C:\Program Files\dotnet\packs\Microsoft.NETCore.App.Ref\8.0.24\ref\net8.0\System.Collections.Specialized.dll" /reference:"C:\Program Files\dotnet\packs\Microsoft.NETCore.App.Ref\8.0.24\ref\net8.0\System.ComponentModel.Annotations.dll" /reference:"C:\Program Files\dotnet\packs\Microsoft.NETCore.App.Ref\8.0.24\ref\net8.0\System.ComponentModel.DataAnnotations.dll" /reference:"C:\Program Files\dotnet\packs\Microsoft.NETCore.App.Ref\8.0.24\ref\net8.0\System.ComponentModel.dll" /reference:"C:\Program Files\dotnet\packs\Microsoft.NETCore.App.Ref\8.0.24\ref\net8.0\System.ComponentModel.EventBasedAsync.dll" /reference:"C:\Program Files\dotnet\packs\Microsoft.NETCore.App.Ref\8.0.24\ref\net8.0\System.ComponentModel.Primitives.dll" /reference:"C:\Program Files\dotnet\packs\Microsoft.NETCore.App.Ref\8.0.24\ref\net8.0\System.ComponentModel.TypeConverter.dll" /reference:"C:\Program Files\dotnet\packs\Microsoft.NETCore.App.Ref\8.0.24\ref\net8.0\System.Configuration.dll" /reference:"C:\Program Files\dotnet\packs\Microsoft.NETCore.App.Ref\8.0.24\ref\net8.0\System.Console.dll" /reference:"C:\Program Files\dotnet\packs\Microsoft.NETCore.App.Ref\8.0.24\ref\net8.0\System.Core.dll" /reference:"C:\Program Files\dotnet\packs\Microsoft.NETCore.App.Ref\8.0.24\ref\net8.0\System.Data.Common.dll" /reference:"C:\Program Files\dotnet\packs\Microsoft.NETCore.App.Ref\8.0.24\ref\net8.0\System.Data.DataSetExtensions.dll" /reference:"C:\Program Files\dotnet\packs\Microsoft.NETCore.App.Ref\8.0.24\ref\net8.0\System.Data.dll" /reference:"C:\Program Files\dotnet\packs\Microsoft.NETCore.App.Ref\8.0.24\ref\net8.0\System.Diagnostics.Contracts.dll" /reference:"C:\Program Files\dotnet\packs\Microsoft.NETCore.App.Ref\8.0.24\ref\net8.0\System.Diagnostics.Debug.dll" /reference:C:\Users\SohaibAli\.nuget\packages\system.diagnostics.diagnosticsource\10.0.3\lib\net8.0\System.Diagnostics.DiagnosticSource.dll /reference:"C:\Program Files\dotnet\packs\Microsoft.NETCore.App.Ref\8.0.24\ref\net8.0\System.Diagnostics.FileVersionInfo.dll" /reference:"C:\Program Files\dotnet\packs\Microsoft.NETCore.App.Ref\8.0.24\ref\net8.0\System.Diagnostics.Process.dll" /reference:"C:\Program Files\dotnet\packs\Microsoft.NETCore.App.Ref\8.0.24\ref\net8.0\System.Diagnostics.StackTrace.dll" /reference:"C:\Program Files\dotnet\packs\Microsoft.NETCore.App.Ref\8.0.24\ref\net8.0\System.Diagnostics.TextWriterTraceListener.dll" /reference:"C:\Program Files\dotnet\packs\Microsoft.NETCore.App.Ref\8.0.24\ref\net8.0\System.Diagnostics.Tools.dll" /reference:"C:\Program Files\dotnet\packs\Microsoft.NETCore.App.Ref\8.0.24\ref\net8.0\System.Diagnostics.TraceSource.dll" /reference:"C:\Program Files\dotnet\packs\Microsoft.NETCore.App.Ref\8.0.24\ref\net8.0\System.Diagnostics.Tracing.dll" /reference:"C:\Program Files\dotnet\packs\Microsoft.NETCore.App.Ref\8.0.24\ref\net8.0\System.dll" /reference:"C:\Program Files\dotnet\packs\Microsoft.NETCore.App.Ref\8.0.24\ref\net8.0\System.Drawing.dll" /reference:"C:\Program Files\dotnet\packs\Microsoft.NETCore.App.Ref\8.0.24\ref\net8.0\System.Drawing.Primitives.dll" /reference:"C:\Program Files\dotnet\packs\Microsoft.NETCore.App.Ref\8.0.24\ref\net8.0\System.Dynamic.Runtime.dll" /reference:"C:\Program Files\dotnet\packs\Microsoft.NETCore.App.Ref\8.0.24\ref\net8.0\System.Formats.Asn1.dll" /reference:"C:\Program Files\dotnet\packs\Microsoft.NETCore.App.Ref\8.0.24\ref\net8.0\System.Formats.Tar.dll" /reference:"C:\Program Files\dotnet\packs\Microsoft.NETCore.App.Ref\8.0.24\ref\net8.0\System.Globalization.Calendars.dll" /reference:"C:\Program Files\dotnet\packs\Microsoft.NETCore.App.Ref\8.0.24\ref\net8.0\System.Globalization.dll" /reference:"C:\Program Files\dotnet\packs\Microsoft.NETCore.App.Ref\8.0.24\ref\net8.0\System.Globalization.Extensions.dll" /reference:"C:\Program Files\dotnet\packs\Microsoft.NETCore.App.Ref\8.0.24\ref\net8.0\System.IO.Compression.Brotli.dll" /reference:"C:\Program Files\dotnet\packs\Microsoft.NETCore.App.Ref\8.0.24\ref\net8.0\System.IO.Compression.dll" /reference:"C:\Program Files\dotnet\packs\Microsoft.NETCore.App.Ref\8.0.24\ref\net8.0\System.IO.Compression.FileSystem.dll" /reference:"C:\Program Files\dotnet\packs\Microsoft.NETCore.App.Ref\8.0.24\ref\net8.0\System.IO.Compression.ZipFile.dll" /reference:"C:\Program Files\dotnet\packs\Microsoft.NETCore.App.Ref\8.0.24\ref\net8.0\System.IO.dll" /reference:"C:\Program Files\dotnet\packs\Microsoft.NETCore.App.Ref\8.0.24\ref\net8.0\System.IO.FileSystem.AccessControl.dll" /reference:"C:\Program Files\dotnet\packs\Microsoft.NETCore.App.Ref\8.0.24\ref\net8.0\System.IO.FileSystem.dll" /reference:"C:\Program Files\dotnet\packs\Microsoft.NETCore.App.Ref\8.0.24\ref\net8.0\System.IO.FileSystem.DriveInfo.dll" /reference:"C:\Program Files\dotnet\packs\Microsoft.NETCore.App.Ref\8.0.24\ref\net8.0\System.IO.FileSystem.Primitives.dll" /reference:"C:\Program Files\dotnet\packs\Microsoft.NETCore.App.Ref\8.0.24\ref\net8.0\System.IO.FileSystem.Watcher.dll" /reference:"C:\Program Files\dotnet\packs\Microsoft.NETCore.App.Ref\8.0.24\ref\net8.0\System.IO.IsolatedStorage.dll" /reference:"C:\Program Files\dotnet\packs\Microsoft.NETCore.App.Ref\8.0.24\ref\net8.0\System.IO.MemoryMappedFiles.dll" /reference:"C:\Program Files\dotnet\packs\Microsoft.NETCore.App.Ref\8.0.24\ref\net8.0\System.IO.Pipes.AccessControl.dll" /reference:"C:\Program Files\dotnet\packs\Microsoft.NETCore.App.Ref\8.0.24\ref\net8.0\System.IO.Pipes.dll" /reference:"C:\Program Files\dotnet\packs\Microsoft.NETCore.App.Ref\8.0.24\ref\net8.0\System.IO.UnmanagedMemoryStream.dll" /reference:"C:\Program Files\dotnet\packs\Microsoft.NETCore.App.Ref\8.0.24\ref\net8.0\System.Linq.dll" /reference:"C:\Program Files\dotnet\packs\Microsoft.NETCore.App.Ref\8.0.24\ref\net8.0\System.Linq.Expressions.dll" /reference:"C:\Program Files\dotnet\packs\Microsoft.NETCore.App.Ref\8.0.24\ref\net8.0\System.Linq.Parallel.dll" /reference:"C:\Program Files\dotnet\packs\Microsoft.NETCore.App.Ref\8.0.24\ref\net8.0\System.Linq.Queryable.dll" /reference:"C:\Program Files\dotnet\packs\Microsoft.NETCore.App.Ref\8.0.24\ref\net8.0\System.Memory.dll" /reference:"C:\Program Files\dotnet\packs\Microsoft.NETCore.App.Ref\8.0.24\ref\net8.0\System.Net.dll" /reference:"C:\Program Files\dotnet\packs\Microsoft.NETCore.App.Ref\8.0.24\ref\net8.0\System.Net.Http.dll" /reference:"C:\Program Files\dotnet\packs\Microsoft.NETCore.App.Ref\8.0.24\ref\net8.0\System.Net.Http.Json.dll" /reference:"C:\Program Files\dotnet\packs\Microsoft.NETCore.App.Ref\8.0.24\ref\net8.0\System.Net.HttpListener.dll" /reference:"C:\Program Files\dotnet\packs\Microsoft.NETCore.App.Ref\8.0.24\ref\net8.0\System.Net.Mail.dll" /reference:"C:\Program Files\dotnet\packs\Microsoft.NETCore.App.Ref\8.0.24\ref\net8.0\System.Net.NameResolution.dll" /reference:"C:\Program Files\dotnet\packs\Microsoft.NETCore.App.Ref\8.0.24\ref\net8.0\System.Net.NetworkInformation.dll" /reference:"C:\Program Files\dotnet\packs\Microsoft.NETCore.App.Ref\8.0.24\ref\net8.0\System.Net.Ping.dll" /reference:"C:\Program Files\dotnet\packs\Microsoft.NETCore.App.Ref\8.0.24\ref\net8.0\System.Net.Primitives.dll" /reference:"C:\Program Files\dotnet\packs\Microsoft.NETCore.App.Ref\8.0.24\ref\net8.0\System.Net.Quic.dll" /reference:"C:\Program Files\dotnet\packs\Microsoft.NETCore.App.Ref\8.0.24\ref\net8.0\System.Net.Requests.dll" /reference:"C:\Program Files\dotnet\packs\Microsoft.NETCore.App.Ref\8.0.24\ref\net8.0\System.Net.Security.dll" /reference:"C:\Program Files\dotnet\packs\Microsoft.NETCore.App.Ref\8.0.24\ref\net8.0\System.Net.ServicePoint.dll" /reference:"C:\Program Files\dotnet\packs\Microsoft.NETCore.App.Ref\8.0.24\ref\net8.0\System.Net.Sockets.dll" /reference:"C:\Program Files\dotnet\packs\Microsoft.NETCore.App.Ref\8.0.24\ref\net8.0\System.Net.WebClient.dll" /reference:"C:\Program Files\dotnet\packs\Microsoft.NETCore.App.Ref\8.0.24\ref\net8.0\System.Net.WebHeaderCollection.dll" /reference:"C:\Program Files\dotnet\packs\Microsoft.NETCore.App.Ref\8.0.24\ref\net8.0\System.Net.WebProxy.dll" /reference:"C:\Program Files\dotnet\packs\Microsoft.NETCore.App.Ref\8.0.24\ref\net8.0\System.Net.WebSockets.Client.dll" /reference:"C:\Program Files\dotnet\packs\Microsoft.NETCore.App.Ref\8.0.24\ref\net8.0\System.Net.WebSockets.dll" /reference:"C:\Program Files\dotnet\packs\Microsoft.NETCore.App.Ref\8.0.24\ref\net8.0\System.Numerics.dll" /reference:C:\Users\SohaibAli\.nuget\packages\system.numerics.tensors\9.0.0\lib\net8.0\System.Numerics.Tensors.dll /reference:"C:\Program Files\dotnet\packs\Microsoft.NETCore.App.Ref\8.0.24\ref\net8.0\System.Numerics.Vectors.dll" /reference:"C:\Program Files\dotnet\packs\Microsoft.NETCore.App.Ref\8.0.24\ref\net8.0\System.ObjectModel.dll" /reference:"C:\Program Files\dotnet\packs\Microsoft.NETCore.App.Ref\8.0.24\ref\net8.0\System.Reflection.DispatchProxy.dll" /reference:"C:\Program Files\dotnet\packs\Microsoft.NETCore.App.Ref\8.0.24\ref\net8.0\System.Reflection.dll" /reference:"C:\Program Files\dotnet\packs\Microsoft.NETCore.App.Ref\8.0.24\ref\net8.0\System.Reflection.Emit.dll" /reference:"C:\Program Files\dotnet\packs\Microsoft.NETCore.App.Ref\8.0.24\ref\net8.0\System.Reflection.Emit.ILGeneration.dll" /reference:"C:\Program Files\dotnet\packs\Microsoft.NETCore.App.Ref\8.0.24\ref\net8.0\System.Reflection.Emit.Lightweight.dll" /reference:"C:\Program Files\dotnet\packs\Microsoft.NETCore.App.Ref\8.0.24\ref\net8.0\System.Reflection.Extensions.dll" /reference:"C:\Program Files\dotnet\packs\Microsoft.NETCore.App.Ref\8.0.24\ref\net8.0\System.Reflection.Metadata.dll" /reference:"C:\Program Files\dotnet\packs\Microsoft.NETCore.App.Ref\8.0.24\ref\net8.0\System.Reflection.Primitives.dll" /reference:"C:\Program Files\dotnet\packs\Microsoft.NETCore.App.Ref\8.0.24\ref\net8.0\System.Reflection.TypeExtensions.dll" /reference:"C:\Program Files\dotnet\packs\Microsoft.NETCore.App.Ref\8.0.24\ref\net8.0\System.Resources.Reader.dll" /reference:"C:\Program Files\dotnet\packs\Microsoft.NETCore.App.Ref\8.0.24\ref\net8.0\System.Resources.ResourceManager.dll" /reference:"C:\Program Files\dotnet\packs\Microsoft.NETCore.App.Ref\8.0.24\ref\net8.0\System.Resources.Writer.dll" /reference:"C:\Program Files\dotnet\packs\Microsoft.NETCore.App.Ref\8.0.24\ref\net8.0\System.Runtime.CompilerServices.Unsafe.dll" /reference:"C:\Program Files\dotnet\packs\Microsoft.NETCore.App.Ref\8.0.24\ref\net8.0\System.Runtime.CompilerServices.VisualC.dll" /reference:"C:\Program Files\dotnet\packs\Microsoft.NETCore.App.Ref\8.0.24\ref\net8.0\System.Runtime.dll" /reference:"C:\Program Files\dotnet\packs\Microsoft.NETCore.App.Ref\8.0.24\ref\net8.0\System.Runtime.Extensions.dll" /reference:"C:\Program Files\dotnet\packs\Microsoft.NETCore.App.Ref\8.0.24\ref\net8.0\System.Runtime.Handles.dll" /reference:"C:\Program Files\dotnet\packs\Microsoft.NETCore.App.Ref\8.0.24\ref\net8.0\System.Runtime.InteropServices.dll" /reference:"C:\Program Files\dotnet\packs\Microsoft.NETCore.App.Ref\8.0.24\ref\net8.0\System.Runtime.InteropServices.JavaScript.dll" /reference:"C:\Program Files\dotnet\packs\Microsoft.NETCore.App.Ref\8.0.24\ref\net8.0\System.Runtime.InteropServices.RuntimeInformation.dll" /reference:"C:\Program Files\dotnet\packs\Microsoft.NETCore.App.Ref\8.0.24\ref\net8.0\System.Runtime.Intrinsics.dll" /reference:"C:\Program Files\dotnet\packs\Microsoft.NETCore.App.Ref\8.0.24\ref\net8.0\System.Runtime.Loader.dll" /reference:"C:\Program Files\dotnet\packs\Microsoft.NETCore.App.Ref\8.0.24\ref\net8.0\System.Runtime.Numerics.dll" /reference:"C:\Program Files\dotnet\packs\Microsoft.NETCore.App.Ref\8.0.24\ref\net8.0\System.Runtime.Serialization.dll" /reference:"C:\Program Files\dotnet\packs\Microsoft.NETCore.App.Ref\8.0.24\ref\net8.0\System.Runtime.Serialization.Formatters.dll" /reference:"C:\Program Files\dotnet\packs\Microsoft.NETCore.App.Ref\8.0.24\ref\net8.0\System.Runtime.Serialization.Json.dll" /reference:"C:\Program Files\dotnet\packs\Microsoft.NETCore.App.Ref\8.0.24\ref\net8.0\System.Runtime.Serialization.Primitives.dll" /reference:"C:\Program Files\dotnet\packs\Microsoft.NETCore.App.Ref\8.0.24\ref\net8.0\System.Runtime.Serialization.Xml.dll" /reference:"C:\Program Files\dotnet\packs\Microsoft.NETCore.App.Ref\8.0.24\ref\net8.0\System.Security.AccessControl.dll" /reference:"C:\Program Files\dotnet\packs\Microsoft.NETCore.App.Ref\8.0.24\ref\net8.0\System.Security.Claims.dll" /reference:"C:\Program Files\dotnet\packs\Microsoft.NETCore.App.Ref\8.0.24\ref\net8.0\System.Security.Cryptography.Algorithms.dll" /reference:"C:\Program Files\dotnet\packs\Microsoft.NETCore.App.Ref\8.0.24\ref\net8.0\System.Security.Cryptography.Cng.dll" /reference:"C:\Program Files\dotnet\packs\Microsoft.NETCore.App.Ref\8.0.24\ref\net8.0\System.Security.Cryptography.Csp.dll" /reference:"C:\Program Files\dotnet\packs\Microsoft.NETCore.App.Ref\8.0.24\ref\net8.0\System.Security.Cryptography.dll" /reference:"C:\Program Files\dotnet\packs\Microsoft.NETCore.App.Ref\8.0.24\ref\net8.0\System.Security.Cryptography.Encoding.dll" /reference:"C:\Program Files\dotnet\packs\Microsoft.NETCore.App.Ref\8.0.24\ref\net8.0\System.Security.Cryptography.OpenSsl.dll" /reference:"C:\Program Files\dotnet\packs\Microsoft.NETCore.App.Ref\8.0.24\ref\net8.0\System.Security.Cryptography.Primitives.dll" /reference:"C:\Program Files\dotnet\packs\Microsoft.NETCore.App.Ref\8.0.24\ref\net8.0\System.Security.Cryptography.X509Certificates.dll" /reference:"C:\Program Files\dotnet\packs\Microsoft.NETCore.App.Ref\8.0.24\ref\net8.0\System.Security.dll" /reference:"C:\Program Files\dotnet\packs\Microsoft.NETCore.App.Ref\8.0.24\ref\net8.0\System.Security.Principal.dll" /reference:"C:\Program Files\dotnet\packs\Microsoft.NETCore.App.Ref\8.0.24\ref\net8.0\System.Security.Principal.Windows.dll" /reference:"C:\Program Files\dotnet\packs\Microsoft.NETCore.App.Ref\8.0.24\ref\net8.0\System.Security.SecureString.dll" /reference:"C:\Program Files\dotnet\packs\Microsoft.NETCore.App.Ref\8.0.24\ref\net8.0\System.ServiceModel.Web.dll" /reference:"C:\Program Files\dotnet\packs\Microsoft.NETCore.App.Ref\8.0.24\ref\net8.0\System.ServiceProcess.dll" /reference:"C:\Program Files\dotnet\packs\Microsoft.NETCore.App.Ref\8.0.24\ref\net8.0\System.Text.Encoding.CodePages.dll" /reference:"C:\Program Files\dotnet\packs\Microsoft.NETCore.App.Ref\8.0.24\ref\net8.0\System.Text.Encoding.dll" /reference:"C:\Program Files\dotnet\packs\Microsoft.NETCore.App.Ref\8.0.24\ref\net8.0\System.Text.Encoding.Extensions.dll" /reference:"C:\Program Files\dotnet\packs\Microsoft.NETCore.App.Ref\8.0.24\ref\net8.0\System.Text.Encodings.Web.dll" /reference:"C:\Program Files\dotnet\packs\Microsoft.NETCore.App.Ref\8.0.24\ref\net8.0\System.Text.Json.dll" /reference:"C:\Program Files\dotnet\packs\Microsoft.NETCore.App.Ref\8.0.24\ref\net8.0\System.Text.RegularExpressions.dll" /reference:"C:\Program Files\dotnet\packs\Microsoft.NETCore.App.Ref\8.0.24\ref\net8.0\System.Threading.Channels.dll" /reference:"C:\Program Files\dotnet\packs\Microsoft.NETCore.App.Ref\8.0.24\ref\net8.0\System.Threading.dll" /reference:"C:\Program Files\dotnet\packs\Microsoft.NETCore.App.Ref\8.0.24\ref\net8.0\System.Threading.Overlapped.dll" /reference:"C:\Program Files\dotnet\packs\Microsoft.NETCore.App.Ref\8.0.24\ref\net8.0\System.Threading.Tasks.Dataflow.dll" /reference:"C:\Program Files\dotnet\packs\Microsoft.NETCore.App.Ref\8.0.24\ref\net8.0\System.Threading.Tasks.dll" /reference:"C:\Program Files\dotnet\packs\Microsoft.NETCore.App.Ref\8.0.24\ref\net8.0\System.Threading.Tasks.Extensions.dll" /reference:"C:\Program Files\dotnet\packs\Microsoft.NETCore.App.Ref\8.0.24\ref\net8.0\System.Threading.Tasks.Parallel.dll" /reference:"C:\Program Files\dotnet\packs\Microsoft.NETCore.App.Ref\8.0.24\ref\net8.0\System.Threading.Thread.dll" /reference:"C:\Program Files\dotnet\packs\Microsoft.NETCore.App.Ref\8.0.24\ref\net8.0\System.Threading.ThreadPool.dll" /reference:"C:\Program Files\dotnet\packs\Microsoft.NETCore.App.Ref\8.0.24\ref\net8.0\System.Threading.Timer.dll" /reference:"C:\Program Files\dotnet\packs\Microsoft.NETCore.App.Ref\8.0.24\ref\net8.0\System.Transactions.dll" /reference:"C:\Program Files\dotnet\packs\Microsoft.NETCore.App.Ref\8.0.24\ref\net8.0\System.Transactions.Local.dll" /reference:"C:\Program Files\dotnet\packs\Microsoft.NETCore.App.Ref\8.0.24\ref\net8.0\System.ValueTuple.dll" /reference:"C:\Program Files\dotnet\packs\Microsoft.NETCore.App.Ref\8.0.24\ref\net8.0\System.Web.dll" /reference:"C:\Program Files\dotnet\packs\Microsoft.NETCore.App.Ref\8.0.24\ref\net8.0\System.Web.HttpUtility.dll" /reference:"C:\Program Files\dotnet\packs\Microsoft.NETCore.App.Ref\8.0.24\ref\net8.0\System.Windows.dll" /reference:"C:\Program Files\dotnet\packs\Microsoft.NETCore.App.Ref\8.0.24\ref\net8.0\System.Xml.dll" /reference:"C:\Program Files\dotnet\packs\Microsoft.NETCore.App.Ref\8.0.24\ref\net8.0\System.Xml.Linq.dll" /reference:"C:\Program Files\dotnet\packs\Microsoft.NETCore.App.Ref\8.0.24\ref\net8.0\System.Xml.ReaderWriter.dll" /reference:"C:\Program Files\dotnet\packs\Microsoft.NETCore.App.Ref\8.0.24\ref\net8.0\System.Xml.Serialization.dll" /reference:"C:\Program Files\dotnet\packs\Microsoft.NETCore.App.Ref\8.0.24\ref\net8.0\System.Xml.XDocument.dll" /reference:"C:\Program Files\dotnet\packs\Microsoft.NETCore.App.Ref\8.0.24\ref\net8.0\System.Xml.XmlDocument.dll" /reference:"C:\Program Files\dotnet\packs\Microsoft.NETCore.App.Ref\8.0.24\ref\net8.0\System.Xml.XmlSerializer.dll" /reference:"C:\Program Files\dotnet\packs\Microsoft.NETCore.App.Ref\8.0.24\ref\net8.0\System.Xml.XPath.dll" /reference:"C:\Program Files\dotnet\packs\Microsoft.NETCore.App.Ref\8.0.24\ref\net8.0\System.Xml.XPath.XDocument.dll" /reference:"C:\Program Files\dotnet\packs\Microsoft.NETCore.App.Ref\8.0.24\ref\net8.0\WindowsBase.dll" /reference:C:\Users\SohaibAli\.nuget\packages\microsoft.windows.sdk.net.ref\10.0.19041.57\lib\net8.0\WinRT.Runtime.dll /debug- /filealign:512 /optimize- /out:obj\x64\Debug\net8.0-windows10.0.19041.0\win-x64\intermediatexaml\PotomacAnalyst.dll /subsystemversion:6.00 /target:winexe /warnaserror- /utf8output /deterministic+ /langversion:12.0 /skipanalyzers+ /analyzerconfig:obj\x64\Debug\net8.0-windows10.0.19041.0\win-x64\PotomacAnalyst.GeneratedMSBuildEditorConfig.editorconfig /analyzer:"C:\Program Files\dotnet\sdk\10.0.103\Sdks\Microsoft.NET.Sdk\targets\..\analyzers\Microsoft.CodeAnalysis.CSharp.NetAnalyzers.dll" /analyzer:"C:\Program Files\dotnet\sdk\10.0.103\Sdks\Microsoft.NET.Sdk\targets\..\analyzers\Microsoft.CodeAnalysis.NetAnalyzers.dll" /analyzer:C:\Users\SohaibAli\.nuget\packages\communitytoolkit.mvvm\8.4.0\analyzers\dotnet\roslyn4.12\cs\CommunityToolkit.Mvvm.CodeFixers.dll /analyzer:C:\Users\SohaibAli\.nuget\packages\communitytoolkit.mvvm\8.4.0\analyzers\dotnet\roslyn4.12\cs\CommunityToolkit.Mvvm.SourceGenerators.dll /analyzer:C:\Users\SohaibAli\.nuget\packages\microsoft.extensions.logging.abstractions\10.0.3\analyzers\dotnet\roslyn4.4\cs\Microsoft.Extensions.Logging.Generators.dll /analyzer:C:\Users\SohaibAli\.nuget\packages\microsoft.extensions.options\10.0.3\analyzers\dotnet\roslyn4.4\cs\Microsoft.Extensions.Options.SourceGeneration.dll /analyzer:"C:\Program Files\dotnet\packs\Microsoft.NETCore.App.Ref\8.0.24\analyzers/dotnet/cs/Microsoft.Interop.ComInterfaceGenerator.dll" /analyzer:"C:\Program Files\dotnet\packs\Microsoft.NETCore.App.Ref\8.0.24\analyzers/dotnet/cs/Microsoft.Interop.JavaScript.JSImportGenerator.dll" /analyzer:"C:\Program Files\dotnet\packs\Microsoft.NETCore.App.Ref\8.0.24\analyzers/dotnet/cs/Microsoft.Interop.LibraryImportGenerator.dll" /analyzer:"C:\Program Files\dotnet\packs\Microsoft.NETCore.App.Ref\8.0.24\analyzers/dotnet/cs/Microsoft.Interop.SourceGeneration.dll" /analyzer:"C:\Program Files\dotnet\packs\Microsoft.NETCore.App.Ref\8.0.24\analyzers/dotnet/cs/System.Text.Json.SourceGeneration.dll" /analyzer:"C:\Program Files\dotnet\packs\Microsoft.NETCore.App.Ref\8.0.24\analyzers/dotnet/cs/System.Text.RegularExpressions.Generator.dll" /analyzer:C:\Users\SohaibAli\.nuget\packages\microsoft.windows.sdk.net.ref\10.0.19041.57\analyzers/dotnet/cs/WinRT.SourceGenerator.dll App.xaml.cs Controls\Attachments.cs GenUi\GenUiCardBuilder.cs GlobalUsings.cs MainWindow.xaml.cs Models\ApiModels.cs Models\AuthModels.cs Services\ApiService.cs Services\AuthService.cs Services\SessionService.cs Views\Auth\ForgotPasswordPage.xaml.cs Views\Auth\LoginPage.xaml.cs Views\Auth\RegisterPage.xaml.cs Views\Pages\AflGeneratorPage.xaml.cs Views\Pages\AutopilotPage.xaml.cs Views\Pages\BacktestPage.xaml.cs Views\Pages\ChatPage.xaml.cs Views\Pages\ContentPage.xaml.cs Views\Pages\DashboardPage.xaml.cs Views\Pages\DeckGeneratorPage.xaml.cs Views\Pages\DeveloperPage.xaml.cs Views\Pages\KnowledgeBasePage.xaml.cs Views\Pages\ResearcherPage.xaml.cs Views\Pages\ReverseEngineerPage.xaml.cs Views\Pages\SettingsPage.xaml.cs Views\Pages\SkillsPage.xaml.cs C:\Users\SohaibAli\.nuget\packages\microsoft.windowsappsdk.foundation\1.8.260203002\buildTransitive\..\include\DeploymentManagerAutoInitializer.cs C:\Users\SohaibAli\.nuget\packages\microsoft.windowsappsdk.runtime\1.8.260209005\buildTransitive\..\include\WindowsAppSDK-VersionInfo.cs C:\Users\SohaibAli\Documents\PotomacAnalyst\obj\x64\Debug\net8.0-windows10.0.19041.0\win-x64\App.g.i.cs C:\Users\SohaibAli\Documents\PotomacAnalyst\obj\x64\Debug\net8.0-windows10.0.19041.0\win-x64\App.g.cs C:\Users\SohaibAli\Documents\PotomacAnalyst\obj\x64\Debug\net8.0-windows10.0.19041.0\win-x64\MainWindow.g.i.cs C:\Users\SohaibAli\Documents\PotomacAnalyst\obj\x64\Debug\net8.0-windows10.0.19041.0\win-x64\MainWindow.g.cs C:\Users\SohaibAli\Documents\PotomacAnalyst\obj\x64\Debug\net8.0-windows10.0.19041.0\win-x64\Views\Auth\ForgotPasswordPage.g.i.cs C:\Users\SohaibAli\Documents\PotomacAnalyst\obj\x64\Debug\net8.0-windows10.0.19041.0\win-x64\Views\Auth\ForgotPasswordPage.g.cs C:\Users\SohaibAli\Documents\PotomacAnalyst\obj\x64\Debug\net8.0-windows10.0.19041.0\win-x64\Views\Auth\LoginPage.g.i.cs C:\Users\SohaibAli\Documents\PotomacAnalyst\obj\x64\Debug\net8.0-windows10.0.19041.0\win-x64\Views\Auth\LoginPage.g.cs C:\Users\SohaibAli\Documents\PotomacAnalyst\obj\x64\Debug\net8.0-windows10.0.19041.0\win-x64\Views\Auth\RegisterPage.g.i.cs C:\Users\SohaibAli\Documents\PotomacAnalyst\obj\x64\Debug\net8.0-windows10.0.19041.0\win-x64\Views\Auth\RegisterPage.g.cs C:\Users\SohaibAli\Documents\PotomacAnalyst\obj\x64\Debug\net8.0-windows10.0.19041.0\win-x64\Views\Pages\AflGeneratorPage.g.i.cs C:\Users\SohaibAli\Documents\PotomacAnalyst\obj\x64\Debug\net8.0-windows10.0.19041.0\win-x64\Views\Pages\AflGeneratorPage.g.cs C:\Users\SohaibAli\Documents\PotomacAnalyst\obj\x64\Debug\net8.0-windows10.0.19041.0\win-x64\Views\Pages\AutopilotPage.g.i.cs C:\Users\SohaibAli\Documents\PotomacAnalyst\obj\x64\Debug\net8.0-windows10.0.19041.0\win-x64\Views\Pages\AutopilotPage.g.cs C:\Users\SohaibAli\Documents\PotomacAnalyst\obj\x64\Debug\net8.0-windows10.0.19041.0\win-x64\Views\Pages\BacktestPage.g.i.cs C:\Users\SohaibAli\Documents\PotomacAnalyst\obj\x64\Debug\net8.0-windows10.0.19041.0\win-x64\Views\Pages\BacktestPage.g.cs C:\Users\SohaibAli\Documents\PotomacAnalyst\obj\x64\Debug\net8.0-windows10.0.19041.0\win-x64\Views\Pages\ChatPage.g.i.cs C:\Users\SohaibAli\Documents\PotomacAnalyst\obj\x64\Debug\net8.0-windows10.0.19041.0\win-x64\Views\Pages\ChatPage.g.cs C:\Users\SohaibAli\Documents\PotomacAnalyst\obj\x64\Debug\net8.0-windows10.0.19041.0\win-x64\Views\Pages\ContentPage.g.i.cs C:\Users\SohaibAli\Documents\PotomacAnalyst\obj\x64\Debug\net8.0-windows10.0.19041.0\win-x64\Views\Pages\ContentPage.g.cs C:\Users\SohaibAli\Documents\PotomacAnalyst\obj\x64\Debug\net8.0-windows10.0.19041.0\win-x64\Views\Pages\DashboardPage.g.i.cs C:\Users\SohaibAli\Documents\PotomacAnalyst\obj\x64\Debug\net8.0-windows10.0.19041.0\win-x64\Views\Pages\DashboardPage.g.cs C:\Users\SohaibAli\Documents\PotomacAnalyst\obj\x64\Debug\net8.0-windows10.0.19041.0\win-x64\Views\Pages\DeckGeneratorPage.g.i.cs C:\Users\SohaibAli\Documents\PotomacAnalyst\obj\x64\Debug\net8.0-windows10.0.19041.0\win-x64\Views\Pages\DeckGeneratorPage.g.cs C:\Users\SohaibAli\Documents\PotomacAnalyst\obj\x64\Debug\net8.0-windows10.0.19041.0\win-x64\Views\Pages\DeveloperPage.g.i.cs C:\Users\SohaibAli\Documents\PotomacAnalyst\obj\x64\Debug\net8.0-windows10.0.19041.0\win-x64\Views\Pages\DeveloperPage.g.cs C:\Users\SohaibAli\Documents\PotomacAnalyst\obj\x64\Debug\net8.0-windows10.0.19041.0\win-x64\Views\Pages\KnowledgeBasePage.g.i.cs C:\Users\SohaibAli\Documents\PotomacAnalyst\obj\x64\Debug\net8.0-windows10.0.19041.0\win-x64\Views\Pages\KnowledgeBasePage.g.cs C:\Users\SohaibAli\Documents\PotomacAnalyst\obj\x64\Debug\net8.0-windows10.0.19041.0\win-x64\Views\Pages\ResearcherPage.g.i.cs C:\Users\SohaibAli\Documents\PotomacAnalyst\obj\x64\Debug\net8.0-windows10.0.19041.0\win-x64\Views\Pages\ResearcherPage.g.cs C:\Users\SohaibAli\Documents\PotomacAnalyst\obj\x64\Debug\net8.0-windows10.0.19041.0\win-x64\Views\Pages\ReverseEngineerPage.g.i.cs C:\Users\SohaibAli\Documents\PotomacAnalyst\obj\x64\Debug\net8.0-windows10.0.19041.0\win-x64\Views\Pages\ReverseEngineerPage.g.cs C:\Users\SohaibAli\Documents\PotomacAnalyst\obj\x64\Debug\net8.0-windows10.0.19041.0\win-x64\Views\Pages\SettingsPage.g.i.cs C:\Users\SohaibAli\Documents\PotomacAnalyst\obj\x64\Debug\net8.0-windows10.0.19041.0\win-x64\Views\Pages\SettingsPage.g.cs C:\Users\SohaibAli\Documents\PotomacAnalyst\obj\x64\Debug\net8.0-windows10.0.19041.0\win-x64\Views\Pages\SkillsPage.g.i.cs C:\Users\SohaibAli\Documents\PotomacAnalyst\obj\x64\Debug\net8.0-windows10.0.19041.0\win-x64\Views\Pages\SkillsPage.g.cs C:\Users\SohaibAli\Documents\PotomacAnalyst\obj\x64\Debug\net8.0-windows10.0.19041.0\win-x64\XamlTypeInfo.g.cs /warnaserror+:NU1605,SYSLIB0011'
         Attempt to open named pipe '2c37YYXaWbOTzbjmC1H73faGoQa8sK3H8Yf9hCXrLXE'
         Attempt to connect named pipe '2c37YYXaWbOTzbjmC1H73faGoQa8sK3H8Yf9hCXrLXE'
         Named pipe '2c37YYXaWbOTzbjmC1H73faGoQa8sK3H8Yf9hCXrLXE' connected
         Begin writing request for PotomacAnalyst (net8.0-windows10.0.19041.0)
         End writing request for PotomacAnalyst (net8.0-windows10.0.19041.0)
         Begin reading response for PotomacAnalyst (net8.0-windows10.0.19041.0)
         End reading response for PotomacAnalyst (net8.0-windows10.0.19041.0)
         CompilerServer: server - server processed compilation - PotomacAnalyst (net8.0-windows10.0.19041.0)
       MarkupCompilePass2:
         "C:\Users\SohaibAli\.nuget\packages\microsoft.windowsappsdk.winui\1.8.260204000\buildTransitive\..\tools\net6.0\..\net472\XamlCompiler.exe" "obj\x64\Debug\net8.0-windows10.0.19041.0\win-x64\\input.json" "obj\x64\Debug\net8.0-windows10.0.19041.0\win-x64\\output.json"
         (Out) GeneratedCodeFiles: 'C:\Users\SohaibAli\Documents\PotomacAnalyst\obj\x64\Debug\net8.0-windows10.0.19041.0\win-x64\App.g.i.cs;C:\Users\SohaibAli\Documents\PotomacAnalyst\obj\x64\Debug\net8.0-windows10.0.19041.0\win-x64\App.g.cs;C:\Users\SohaibAli\Documents\PotomacAnalyst\obj\x64\Debug\net8.0-windows10.0.19041.0\win-x64\MainWindow.g.i.cs;C:\Users\SohaibAli\Documents\PotomacAnalyst\obj\x64\Debug\net8.0-windows10.0.19041.0\win-x64\MainWindow.g.cs;C:\Users\SohaibAli\Documents\PotomacAnalyst\obj\x64\Debug\net8.0-windows10.0.19041.0\win-x64\Views\Auth\ForgotPasswordPage.g.i.cs;C:\Users\SohaibAli\Documents\PotomacAnalyst\obj\x64\Debug\net8.0-windows10.0.19041.0\win-x64\Views\Auth\ForgotPasswordPage.g.cs;C:\Users\SohaibAli\Documents\PotomacAnalyst\obj\x64\Debug\net8.0-windows10.0.19041.0\win-x64\Views\Auth\LoginPage.g.i.cs;C:\Users\SohaibAli\Documents\PotomacAnalyst\obj\x64\Debug\net8.0-windows10.0.19041.0\win-x64\Views\Auth\LoginPage.g.cs;C:\Users\SohaibAli\Documents\PotomacAnalyst\obj\x64\Debug\net8.0-windows10.0.19041.0\win-x64\Views\Auth\RegisterPage.g.i.cs;C:\Users\SohaibAli\Documents\PotomacAnalyst\obj\x64\Debug\net8.0-windows10.0.19041.0\win-x64\Views\Auth\RegisterPage.g.cs;C:\Users\SohaibAli\Documents\PotomacAnalyst\obj\x64\Debug\net8.0-windows10.0.19041.0\win-x64\Views\Pages\AflGeneratorPage.g.i.cs;C:\Users\SohaibAli\Documents\PotomacAnalyst\obj\x64\Debug\net8.0-windows10.0.19041.0\win-x64\Views\Pages\AflGeneratorPage.g.cs;C:\Users\SohaibAli\Documents\PotomacAnalyst\obj\x64\Debug\net8.0-windows10.0.19041.0\win-x64\Views\Pages\AutopilotPage.g.i.cs;C:\Users\SohaibAli\Documents\PotomacAnalyst\obj\x64\Debug\net8.0-windows10.0.19041.0\win-x64\Views\Pages\AutopilotPage.g.cs;C:\Users\SohaibAli\Documents\PotomacAnalyst\obj\x64\Debug\net8.0-windows10.0.19041.0\win-x64\Views\Pages\BacktestPage.g.i.cs;C:\Users\SohaibAli\Documents\PotomacAnalyst\obj\x64\Debug\net8.0-windows10.0.19041.0\win-x64\Views\Pages\BacktestPage.g.cs;C:\Users\SohaibAli\Documents\PotomacAnalyst\obj\x64\Debug\net8.0-windows10.0.19041.0\win-x64\Views\Pages\ChatPage.g.i.cs;C:\Users\SohaibAli\Documents\PotomacAnalyst\obj\x64\Debug\net8.0-windows10.0.19041.0\win-x64\Views\Pages\ChatPage.g.cs;C:\Users\SohaibAli\Documents\PotomacAnalyst\obj\x64\Debug\net8.0-windows10.0.19041.0\win-x64\Views\Pages\ContentPage.g.i.cs;C:\Users\SohaibAli\Documents\PotomacAnalyst\obj\x64\Debug\net8.0-windows10.0.19041.0\win-x64\Views\Pages\ContentPage.g.cs;C:\Users\SohaibAli\Documents\PotomacAnalyst\obj\x64\Debug\net8.0-windows10.0.19041.0\win-x64\Views\Pages\DashboardPage.g.i.cs;C:\Users\SohaibAli\Documents\PotomacAnalyst\obj\x64\Debug\net8.0-windows10.0.19041.0\win-x64\Views\Pages\DashboardPage.g.cs;C:\Users\SohaibAli\Documents\PotomacAnalyst\obj\x64\Debug\net8.0-windows10.0.19041.0\win-x64\Views\Pages\DeckGeneratorPage.g.i.cs;C:\Users\SohaibAli\Documents\PotomacAnalyst\obj\x64\Debug\net8.0-windows10.0.19041.0\win-x64\Views\Pages\DeckGeneratorPage.g.cs;C:\Users\SohaibAli\Documents\PotomacAnalyst\obj\x64\Debug\net8.0-windows10.0.19041.0\win-x64\Views\Pages\DeveloperPage.g.i.cs;C:\Users\SohaibAli\Documents\PotomacAnalyst\obj\x64\Debug\net8.0-windows10.0.19041.0\win-x64\Views\Pages\DeveloperPage.g.cs;C:\Users\SohaibAli\Documents\PotomacAnalyst\obj\x64\Debug\net8.0-windows10.0.19041.0\win-x64\Views\Pages\KnowledgeBasePage.g.i.cs;C:\Users\SohaibAli\Documents\PotomacAnalyst\obj\x64\Debug\net8.0-windows10.0.19041.0\win-x64\Views\Pages\KnowledgeBasePage.g.cs;C:\Users\SohaibAli\Documents\PotomacAnalyst\obj\x64\Debug\net8.0-windows10.0.19041.0\win-x64\Views\Pages\ResearcherPage.g.i.cs;C:\Users\SohaibAli\Documents\PotomacAnalyst\obj\x64\Debug\net8.0-windows10.0.19041.0\win-x64\Views\Pages\ResearcherPage.g.cs;C:\Users\SohaibAli\Documents\PotomacAnalyst\obj\x64\Debug\net8.0-windows10.0.19041.0\win-x64\Views\Pages\ReverseEngineerPage.g.i.cs;C:\Users\SohaibAli\Documents\PotomacAnalyst\obj\x64\Debug\net8.0-windows10.0.19041.0\win-x64\Views\Pages\ReverseEngineerPage.g.cs;C:\Users\SohaibAli\Documents\PotomacAnalyst\obj\x64\Debug\net8.0-windows10.0.19041.0\win-x64\Views\Pages\SettingsPage.g.i.cs;C:\Users\SohaibAli\Documents\PotomacAnalyst\obj\x64\Debug\net8.0-windows10.0.19041.0\win-x64\Views\Pages\SettingsPage.g.cs;C:\Users\SohaibAli\Documents\PotomacAnalyst\obj\x64\Debug\net8.0-windows10.0.19041.0\win-x64\Views\Pages\SkillsPage.g.i.cs;C:\Users\SohaibAli\Documents\PotomacAnalyst\obj\x64\Debug\net8.0-windows10.0.19041.0\win-x64\Views\Pages\SkillsPage.g.cs;C:\Users\SohaibAli\Documents\PotomacAnalyst\obj\x64\Debug\net8.0-windows10.0.19041.0\win-x64\XamlTypeInfo.g.cs'
         (Out) GeneratedXamlFiles: 'C:\Users\SohaibAli\Documents\PotomacAnalyst\obj\x64\Debug\net8.0-windows10.0.19041.0\win-x64\App.xaml;C:\Users\SohaibAli\Documents\PotomacAnalyst\obj\x64\Debug\net8.0-windows10.0.19041.0\win-x64\MainWindow.xaml;C:\Users\SohaibAli\Documents\PotomacAnalyst\obj\x64\Debug\net8.0-windows10.0.19041.0\win-x64\Resources\PotomacTheme.xaml;C:\Users\SohaibAli\Documents\PotomacAnalyst\obj\x64\Debug\net8.0-windows10.0.19041.0\win-x64\Views\Auth\ForgotPasswordPage.xaml;C:\Users\SohaibAli\Documents\PotomacAnalyst\obj\x64\Debug\net8.0-windows10.0.19041.0\win-x64\Views\Auth\LoginPage.xaml;C:\Users\SohaibAli\Documents\PotomacAnalyst\obj\x64\Debug\net8.0-windows10.0.19041.0\win-x64\Views\Auth\RegisterPage.xaml;C:\Users\SohaibAli\Documents\PotomacAnalyst\obj\x64\Debug\net8.0-windows10.0.19041.0\win-x64\Views\Pages\AflGeneratorPage.xaml;C:\Users\SohaibAli\Documents\PotomacAnalyst\obj\x64\Debug\net8.0-windows10.0.19041.0\win-x64\Views\Pages\AutopilotPage.xaml;C:\Users\SohaibAli\Documents\PotomacAnalyst\obj\x64\Debug\net8.0-windows10.0.19041.0\win-x64\Views\Pages\BacktestPage.xaml;C:\Users\SohaibAli\Documents\PotomacAnalyst\obj\x64\Debug\net8.0-windows10.0.19041.0\win-x64\Views\Pages\ChatPage.xaml;C:\Users\SohaibAli\Documents\PotomacAnalyst\obj\x64\Debug\net8.0-windows10.0.19041.0\win-x64\Views\Pages\ContentPage.xaml;C:\Users\SohaibAli\Documents\PotomacAnalyst\obj\x64\Debug\net8.0-windows10.0.19041.0\win-x64\Views\Pages\DashboardPage.xaml;C:\Users\SohaibAli\Documents\PotomacAnalyst\obj\x64\Debug\net8.0-windows10.0.19041.0\win-x64\Views\Pages\DeckGeneratorPage.xaml;C:\Users\SohaibAli\Documents\PotomacAnalyst\obj\x64\Debug\net8.0-windows10.0.19041.0\win-x64\Views\Pages\DeveloperPage.xaml;C:\Users\SohaibAli\Documents\PotomacAnalyst\obj\x64\Debug\net8.0-windows10.0.19041.0\win-x64\Views\Pages\KnowledgeBasePage.xaml;C:\Users\SohaibAli\Documents\PotomacAnalyst\obj\x64\Debug\net8.0-windows10.0.19041.0\win-x64\Views\Pages\ResearcherPage.xaml;C:\Users\SohaibAli\Documents\PotomacAnalyst\obj\x64\Debug\net8.0-windows10.0.19041.0\win-x64\Views\Pages\ReverseEngineerPage.xaml;C:\Users\SohaibAli\Documents\PotomacAnalyst\obj\x64\Debug\net8.0-windows10.0.19041.0\win-x64\Views\Pages\SettingsPage.xaml;C:\Users\SohaibAli\Documents\PotomacAnalyst\obj\x64\Debug\net8.0-windows10.0.19041.0\win-x64\Views\Pages\SkillsPage.xaml;C:\Users\SohaibAli\Documents\PotomacAnalyst\obj\x64\Debug\net8.0-windows10.0.19041.0\win-x64\App.xaml;C:\Users\SohaibAli\Documents\PotomacAnalyst\obj\x64\Debug\net8.0-windows10.0.19041.0\win-x64\MainWindow.xaml;C:\Users\SohaibAli\Documents\PotomacAnalyst\obj\x64\Debug\net8.0-windows10.0.19041.0\win-x64\Resources\PotomacTheme.xaml;C:\Users\SohaibAli\Documents\PotomacAnalyst\obj\x64\Debug\net8.0-windows10.0.19041.0\win-x64\Views\Auth\ForgotPasswordPage.xaml;C:\Users\SohaibAli\Documents\PotomacAnalyst\obj\x64\Debug\net8.0-windows10.0.19041.0\win-x64\Views\Auth\LoginPage.xaml;C:\Users\SohaibAli\Documents\PotomacAnalyst\obj\x64\Debug\net8.0-windows10.0.19041.0\win-x64\Views\Auth\RegisterPage.xaml;C:\Users\SohaibAli\Documents\PotomacAnalyst\obj\x64\Debug\net8.0-windows10.0.19041.0\win-x64\Views\Pages\AflGeneratorPage.xaml;C:\Users\SohaibAli\Documents\PotomacAnalyst\obj\x64\Debug\net8.0-windows10.0.19041.0\win-x64\Views\Pages\AutopilotPage.xaml;C:\Users\SohaibAli\Documents\PotomacAnalyst\obj\x64\Debug\net8.0-windows10.0.19041.0\win-x64\Views\Pages\BacktestPage.xaml;C:\Users\SohaibAli\Documents\PotomacAnalyst\obj\x64\Debug\net8.0-windows10.0.19041.0\win-x64\Views\Pages\ChatPage.xaml;C:\Users\SohaibAli\Documents\PotomacAnalyst\obj\x64\Debug\net8.0-windows10.0.19041.0\win-x64\Views\Pages\ContentPage.xaml;C:\Users\SohaibAli\Documents\PotomacAnalyst\obj\x64\Debug\net8.0-windows10.0.19041.0\win-x64\Views\Pages\DashboardPage.xaml;C:\Users\SohaibAli\Documents\PotomacAnalyst\obj\x64\Debug\net8.0-windows10.0.19041.0\win-x64\Views\Pages\DeckGeneratorPage.xaml;C:\Users\SohaibAli\Documents\PotomacAnalyst\obj\x64\Debug\net8.0-windows10.0.19041.0\win-x64\Views\Pages\DeveloperPage.xaml;C:\Users\SohaibAli\Documents\PotomacAnalyst\obj\x64\Debug\net8.0-windows10.0.19041.0\win-x64\Views\Pages\KnowledgeBasePage.xaml;C:\Users\SohaibAli\Documents\PotomacAnalyst\obj\x64\Debug\net8.0-windows10.0.19041.0\win-x64\Views\Pages\ResearcherPage.xaml;C:\Users\SohaibAli\Documents\PotomacAnalyst\obj\x64\Debug\net8.0-windows10.0.19041.0\win-x64\Views\Pages\ReverseEngineerPage.xaml;C:\Users\SohaibAli\Documents\PotomacAnalyst\obj\x64\Debug\net8.0-windows10.0.19041.0\win-x64\Views\Pages\SettingsPage.xaml;C:\Users\SohaibAli\Documents\PotomacAnalyst\obj\x64\Debug\net8.0-windows10.0.19041.0\win-x64\Views\Pages\SkillsPage.xaml'
         (Out) GeneratedXbfFiles: 'C:\Users\SohaibAli\Documents\PotomacAnalyst\obj\x64\Debug\net8.0-windows10.0.19041.0\win-x64\App.xbf;C:\Users\SohaibAli\Documents\PotomacAnalyst\obj\x64\Debug\net8.0-windows10.0.19041.0\win-x64\MainWindow.xbf;C:\Users\SohaibAli\Documents\PotomacAnalyst\obj\x64\Debug\net8.0-windows10.0.19041.0\win-x64\Resources\PotomacTheme.xbf;C:\Users\SohaibAli\Documents\PotomacAnalyst\obj\x64\Debug\net8.0-windows10.0.19041.0\win-x64\Views\Auth\ForgotPasswordPage.xbf;C:\Users\SohaibAli\Documents\PotomacAnalyst\obj\x64\Debug\net8.0-windows10.0.19041.0\win-x64\Views\Auth\LoginPage.xbf;C:\Users\SohaibAli\Documents\PotomacAnalyst\obj\x64\Debug\net8.0-windows10.0.19041.0\win-x64\Views\Auth\RegisterPage.xbf;C:\Users\SohaibAli\Documents\PotomacAnalyst\obj\x64\Debug\net8.0-windows10.0.19041.0\win-x64\Views\Pages\AflGeneratorPage.xbf;C:\Users\SohaibAli\Documents\PotomacAnalyst\obj\x64\Debug\net8.0-windows10.0.19041.0\win-x64\Views\Pages\AutopilotPage.xbf;C:\Users\SohaibAli\Documents\PotomacAnalyst\obj\x64\Debug\net8.0-windows10.0.19041.0\win-x64\Views\Pages\BacktestPage.xbf;C:\Users\SohaibAli\Documents\PotomacAnalyst\obj\x64\Debug\net8.0-windows10.0.19041.0\win-x64\Views\Pages\ChatPage.xbf;C:\Users\SohaibAli\Documents\PotomacAnalyst\obj\x64\Debug\net8.0-windows10.0.19041.0\win-x64\Views\Pages\ContentPage.xbf;C:\Users\SohaibAli\Documents\PotomacAnalyst\obj\x64\Debug\net8.0-windows10.0.19041.0\win-x64\Views\Pages\DashboardPage.xbf;C:\Users\SohaibAli\Documents\PotomacAnalyst\obj\x64\Debug\net8.0-windows10.0.19041.0\win-x64\Views\Pages\DeckGeneratorPage.xbf;C:\Users\SohaibAli\Documents\PotomacAnalyst\obj\x64\Debug\net8.0-windows10.0.19041.0\win-x64\Views\Pages\DeveloperPage.xbf;C:\Users\SohaibAli\Documents\PotomacAnalyst\obj\x64\Debug\net8.0-windows10.0.19041.0\win-x64\Views\Pages\KnowledgeBasePage.xbf;C:\Users\SohaibAli\Documents\PotomacAnalyst\obj\x64\Debug\net8.0-windows10.0.19041.0\win-x64\Views\Pages\ResearcherPage.xbf;C:\Users\SohaibAli\Documents\PotomacAnalyst\obj\x64\Debug\net8.0-windows10.0.19041.0\win-x64\Views\Pages\ReverseEngineerPage.xbf;C:\Users\SohaibAli\Documents\PotomacAnalyst\obj\x64\Debug\net8.0-windows10.0.19041.0\win-x64\Views\Pages\SettingsPage.xbf;C:\Users\SohaibAli\Documents\PotomacAnalyst\obj\x64\Debug\net8.0-windows10.0.19041.0\win-x64\Views\Pages\SkillsPage.xbf;C:\Users\SohaibAli\Documents\PotomacAnalyst\obj\x64\Debug\net8.0-windows10.0.19041.0\win-x64\App.xbf;C:\Users\SohaibAli\Documents\PotomacAnalyst\obj\x64\Debug\net8.0-windows10.0.19041.0\win-x64\MainWindow.xbf;C:\Users\SohaibAli\Documents\PotomacAnalyst\obj\x64\Debug\net8.0-windows10.0.19041.0\win-x64\Resources\PotomacTheme.xbf;C:\Users\SohaibAli\Documents\PotomacAnalyst\obj\x64\Debug\net8.0-windows10.0.19041.0\win-x64\Views\Auth\ForgotPasswordPage.xbf;C:\Users\SohaibAli\Documents\PotomacAnalyst\obj\x64\Debug\net8.0-windows10.0.19041.0\win-x64\Views\Auth\LoginPage.xbf;C:\Users\SohaibAli\Documents\PotomacAnalyst\obj\x64\Debug\net8.0-windows10.0.19041.0\win-x64\Views\Auth\RegisterPage.xbf;C:\Users\SohaibAli\Documents\PotomacAnalyst\obj\x64\Debug\net8.0-windows10.0.19041.0\win-x64\Views\Pages\AflGeneratorPage.xbf;C:\Users\SohaibAli\Documents\PotomacAnalyst\obj\x64\Debug\net8.0-windows10.0.19041.0\win-x64\Views\Pages\AutopilotPage.xbf;C:\Users\SohaibAli\Documents\PotomacAnalyst\obj\x64\Debug\net8.0-windows10.0.19041.0\win-x64\Views\Pages\BacktestPage.xbf;C:\Users\SohaibAli\Documents\PotomacAnalyst\obj\x64\Debug\net8.0-windows10.0.19041.0\win-x64\Views\Pages\ChatPage.xbf;C:\Users\SohaibAli\Documents\PotomacAnalyst\obj\x64\Debug\net8.0-windows10.0.19041.0\win-x64\Views\Pages\ContentPage.xbf;C:\Users\SohaibAli\Documents\PotomacAnalyst\obj\x64\Debug\net8.0-windows10.0.19041.0\win-x64\Views\Pages\DashboardPage.xbf;C:\Users\SohaibAli\Documents\PotomacAnalyst\obj\x64\Debug\net8.0-windows10.0.19041.0\win-x64\Views\Pages\DeckGeneratorPage.xbf;C:\Users\SohaibAli\Documents\PotomacAnalyst\obj\x64\Debug\net8.0-windows10.0.19041.0\win-x64\Views\Pages\DeveloperPage.xbf;C:\Users\SohaibAli\Documents\PotomacAnalyst\obj\x64\Debug\net8.0-windows10.0.19041.0\win-x64\Views\Pages\KnowledgeBasePage.xbf;C:\Users\SohaibAli\Documents\PotomacAnalyst\obj\x64\Debug\net8.0-windows10.0.19041.0\win-x64\Views\Pages\ResearcherPage.xbf;C:\Users\SohaibAli\Documents\PotomacAnalyst\obj\x64\Debug\net8.0-windows10.0.19041.0\win-x64\Views\Pages\ReverseEngineerPage.xbf;C:\Users\SohaibAli\Documents\PotomacAnalyst\obj\x64\Debug\net8.0-windows10.0.19041.0\win-x64\Views\Pages\SettingsPage.xbf;C:\Users\SohaibAli\Documents\PotomacAnalyst\obj\x64\Debug\net8.0-windows10.0.19041.0\win-x64\Views\Pages\SkillsPage.xbf'
         (Out) GeneratedXamlPagesFiles: ''
         (Out) Compile: 'App.xaml.cs;Controls\Attachments.cs;GenUi\GenUiCardBuilder.cs;GlobalUsings.cs;MainWindow.xaml.cs;Models\ApiModels.cs;Models\AuthModels.cs;Services\ApiService.cs;Services\AuthService.cs;Services\SessionService.cs;Views\Auth\ForgotPasswordPage.xaml.cs;Views\Auth\LoginPage.xaml.cs;Views\Auth\RegisterPage.xaml.cs;Views\Pages\AflGeneratorPage.xaml.cs;Views\Pages\AutopilotPage.xaml.cs;Views\Pages\BacktestPage.xaml.cs;Views\Pages\ChatPage.xaml.cs;Views\Pages\ContentPage.xaml.cs;Views\Pages\DashboardPage.xaml.cs;Views\Pages\DeckGeneratorPage.xaml.cs;Views\Pages\DeveloperPage.xaml.cs;Views\Pages\KnowledgeBasePage.xaml.cs;Views\Pages\ResearcherPage.xaml.cs;Views\Pages\ReverseEngineerPage.xaml.cs;Views\Pages\SettingsPage.xaml.cs;Views\Pages\SkillsPage.xaml.cs;C:\Users\SohaibAli\.nuget\packages\microsoft.windowsappsdk.foundation\1.8.260203002\buildTransitive\..\include\DeploymentManagerAutoInitializer.cs;C:\Users\SohaibAli\.nuget\packages\microsoft.windowsappsdk.runtime\1.8.260209005\buildTransitive\..\include\WindowsAppSDK-VersionInfo.cs;C:\Users\SohaibAli\Documents\PotomacAnalyst\obj\x64\Debug\net8.0-windows10.0.19041.0\win-x64\App.g.i.cs;C:\Users\SohaibAli\Documents\PotomacAnalyst\obj\x64\Debug\net8.0-windows10.0.19041.0\win-x64\App.g.cs;C:\Users\SohaibAli\Documents\PotomacAnalyst\obj\x64\Debug\net8.0-windows10.0.19041.0\win-x64\MainWindow.g.i.cs;C:\Users\SohaibAli\Documents\PotomacAnalyst\obj\x64\Debug\net8.0-windows10.0.19041.0\win-x64\MainWindow.g.cs;C:\Users\SohaibAli\Documents\PotomacAnalyst\obj\x64\Debug\net8.0-windows10.0.19041.0\win-x64\Views\Auth\ForgotPasswordPage.g.i.cs;C:\Users\SohaibAli\Documents\PotomacAnalyst\obj\x64\Debug\net8.0-windows10.0.19041.0\win-x64\Views\Auth\ForgotPasswordPage.g.cs;C:\Users\SohaibAli\Documents\PotomacAnalyst\obj\x64\Debug\net8.0-windows10.0.19041.0\win-x64\Views\Auth\LoginPage.g.i.cs;C:\Users\SohaibAli\Documents\PotomacAnalyst\obj\x64\Debug\net8.0-windows10.0.19041.0\win-x64\Views\Auth\LoginPage.g.cs;C:\Users\SohaibAli\Documents\PotomacAnalyst\obj\x64\Debug\net8.0-windows10.0.19041.0\win-x64\Views\Auth\RegisterPage.g.i.cs;C:\Users\SohaibAli\Documents\PotomacAnalyst\obj\x64\Debug\net8.0-windows10.0.19041.0\win-x64\Views\Auth\RegisterPage.g.cs;C:\Users\SohaibAli\Documents\PotomacAnalyst\obj\x64\Debug\net8.0-windows10.0.19041.0\win-x64\Views\Pages\AflGeneratorPage.g.i.cs;C:\Users\SohaibAli\Documents\PotomacAnalyst\obj\x64\Debug\net8.0-windows10.0.19041.0\win-x64\Views\Pages\AflGeneratorPage.g.cs;C:\Users\SohaibAli\Documents\PotomacAnalyst\obj\x64\Debug\net8.0-windows10.0.19041.0\win-x64\Views\Pages\AutopilotPage.g.i.cs;C:\Users\SohaibAli\Documents\PotomacAnalyst\obj\x64\Debug\net8.0-windows10.0.19041.0\win-x64\Views\Pages\AutopilotPage.g.cs;C:\Users\SohaibAli\Documents\PotomacAnalyst\obj\x64\Debug\net8.0-windows10.0.19041.0\win-x64\Views\Pages\BacktestPage.g.i.cs;C:\Users\SohaibAli\Documents\PotomacAnalyst\obj\x64\Debug\net8.0-windows10.0.19041.0\win-x64\Views\Pages\BacktestPage.g.cs;C:\Users\SohaibAli\Documents\PotomacAnalyst\obj\x64\Debug\net8.0-windows10.0.19041.0\win-x64\Views\Pages\ChatPage.g.i.cs;C:\Users\SohaibAli\Documents\PotomacAnalyst\obj\x64\Debug\net8.0-windows10.0.19041.0\win-x64\Views\Pages\ChatPage.g.cs;C:\Users\SohaibAli\Documents\PotomacAnalyst\obj\x64\Debug\net8.0-windows10.0.19041.0\win-x64\Views\Pages\ContentPage.g.i.cs;C:\Users\SohaibAli\Documents\PotomacAnalyst\obj\x64\Debug\net8.0-windows10.0.19041.0\win-x64\Views\Pages\ContentPage.g.cs;C:\Users\SohaibAli\Documents\PotomacAnalyst\obj\x64\Debug\net8.0-windows10.0.19041.0\win-x64\Views\Pages\DashboardPage.g.i.cs;C:\Users\SohaibAli\Documents\PotomacAnalyst\obj\x64\Debug\net8.0-windows10.0.19041.0\win-x64\Views\Pages\DashboardPage.g.cs;C:\Users\SohaibAli\Documents\PotomacAnalyst\obj\x64\Debug\net8.0-windows10.0.19041.0\win-x64\Views\Pages\DeckGeneratorPage.g.i.cs;C:\Users\SohaibAli\Documents\PotomacAnalyst\obj\x64\Debug\net8.0-windows10.0.19041.0\win-x64\Views\Pages\DeckGeneratorPage.g.cs;C:\Users\SohaibAli\Documents\PotomacAnalyst\obj\x64\Debug\net8.0-windows10.0.19041.0\win-x64\Views\Pages\DeveloperPage.g.i.cs;C:\Users\SohaibAli\Documents\PotomacAnalyst\obj\x64\Debug\net8.0-windows10.0.19041.0\win-x64\Views\Pages\DeveloperPage.g.cs;C:\Users\SohaibAli\Documents\PotomacAnalyst\obj\x64\Debug\net8.0-windows10.0.19041.0\win-x64\Views\Pages\KnowledgeBasePage.g.i.cs;C:\Users\SohaibAli\Documents\PotomacAnalyst\obj\x64\Debug\net8.0-windows10.0.19041.0\win-x64\Views\Pages\KnowledgeBasePage.g.cs;C:\Users\SohaibAli\Documents\PotomacAnalyst\obj\x64\Debug\net8.0-windows10.0.19041.0\win-x64\Views\Pages\ResearcherPage.g.i.cs;C:\Users\SohaibAli\Documents\PotomacAnalyst\obj\x64\Debug\net8.0-windows10.0.19041.0\win-x64\Views\Pages\ResearcherPage.g.cs;C:\Users\SohaibAli\Documents\PotomacAnalyst\obj\x64\Debug\net8.0-windows10.0.19041.0\win-x64\Views\Pages\ReverseEngineerPage.g.i.cs;C:\Users\SohaibAli\Documents\PotomacAnalyst\obj\x64\Debug\net8.0-windows10.0.19041.0\win-x64\Views\Pages\ReverseEngineerPage.g.cs;C:\Users\SohaibAli\Documents\PotomacAnalyst\obj\x64\Debug\net8.0-windows10.0.19041.0\win-x64\Views\Pages\SettingsPage.g.i.cs;C:\Users\SohaibAli\Documents\PotomacAnalyst\obj\x64\Debug\net8.0-windows10.0.19041.0\win-x64\Views\Pages\SettingsPage.g.cs;C:\Users\SohaibAli\Documents\PotomacAnalyst\obj\x64\Debug\net8.0-windows10.0.19041.0\win-x64\Views\Pages\SkillsPage.g.i.cs;C:\Users\SohaibAli\Documents\PotomacAnalyst\obj\x64\Debug\net8.0-windows10.0.19041.0\win-x64\Views\Pages\SkillsPage.g.cs;C:\Users\SohaibAli\Documents\PotomacAnalyst\obj\x64\Debug\net8.0-windows10.0.19041.0\win-x64\XamlTypeInfo.g.cs'
       GenerateTargetFrameworkMonikerAttribute:
       Skipping target "GenerateTargetFrameworkMonikerAttribute" because all output files are up-to-date with respect to the input files.
       CoreGenerateAssemblyInfo:
       Skipping target "CoreGenerateAssemblyInfo" because all output files are up-to-date with respect to the input files.
       _GenerateSourceLinkFile:
         Source Link is empty, file 'obj\x64\Debug\net8.0-windows10.0.19041.0\win-x64\PotomacAnalyst.sourcelink.json' does not exist.
       CoreCompile:
       Skipping target "CoreCompile" because all output files are up-to-date with respect to the input files.
       _CreateAppHost:
       Skipping target "_CreateAppHost" because all output files are up-to-date with respect to the input files.
       ComputeProcessXamlFiles:
         (Out) ProcessedXamlFiles == bin\x64\Debug\net8.0-windows10.0.19041.0\win-x64\App.xbf;bin\x64\Debug\net8.0-windows10.0.19041.0\win-x64\MainWindow.xbf;bin\x64\Debug\net8.0-windows10.0.19041.0\win-x64\Resources\PotomacTheme.xbf;bin\x64\Debug\net8.0-windows10.0.19041.0\win-x64\Views\Auth\ForgotPasswordPage.xbf;bin\x64\Debug\net8.0-windows10.0.19041.0\win-x64\Views\Auth\LoginPage.xbf;bin\x64\Debug\net8.0-windows10.0.19041.0\win-x64\Views\Auth\RegisterPage.xbf;bin\x64\Debug\net8.0-windows10.0.19041.0\win-x64\Views\Pages\AflGeneratorPage.xbf;bin\x64\Debug\net8.0-windows10.0.19041.0\win-x64\Views\Pages\AutopilotPage.xbf;bin\x64\Debug\net8.0-windows10.0.19041.0\win-x64\Views\Pages\BacktestPage.xbf;bin\x64\Debug\net8.0-windows10.0.19041.0\win-x64\Views\Pages\ChatPage.xbf;bin\x64\Debug\net8.0-windows10.0.19041.0\win-x64\Views\Pages\ContentPage.xbf;bin\x64\Debug\net8.0-windows10.0.19041.0\win-x64\Views\Pages\DashboardPage.xbf;bin\x64\Debug\net8.0-windows10.0.19041.0\win-x64\Views\Pages\DeckGeneratorPage.xbf;bin\x64\Debug\net8.0-windows10.0.19041.0\win-x64\Views\Pages\DeveloperPage.xbf;bin\x64\Debug\net8.0-windows10.0.19041.0\win-x64\Views\Pages\KnowledgeBasePage.xbf;bin\x64\Debug\net8.0-windows10.0.19041.0\win-x64\Views\Pages\ResearcherPage.xbf;bin\x64\Debug\net8.0-windows10.0.19041.0\win-x64\Views\Pages\ReverseEngineerPage.xbf;bin\x64\Debug\net8.0-windows10.0.19041.0\win-x64\Views\Pages\SettingsPage.xbf;bin\x64\Debug\net8.0-windows10.0.19041.0\win-x64\Views\Pages\SkillsPage.xbf
       CustomOutputGroupForPackaging:
         (Out) Project='PotomacAnalyst' ProcessedXamlFiles == bin\x64\Debug\net8.0-windows10.0.19041.0\win-x64\App.xbf;bin\x64\Debug\net8.0-windows10.0.19041.0\win-x64\MainWindow.xbf;bin\x64\Debug\net8.0-windows10.0.19041.0\win-x64\Resources\PotomacTheme.xbf;bin\x64\Debug\net8.0-windows10.0.19041.0\win-x64\Views\Auth\ForgotPasswordPage.xbf;bin\x64\Debug\net8.0-windows10.0.19041.0\win-x64\Views\Auth\LoginPage.xbf;bin\x64\Debug\net8.0-windows10.0.19041.0\win-x64\Views\Auth\RegisterPage.xbf;bin\x64\Debug\net8.0-windows10.0.19041.0\win-x64\Views\Pages\AflGeneratorPage.xbf;bin\x64\Debug\net8.0-windows10.0.19041.0\win-x64\Views\Pages\AutopilotPage.xbf;bin\x64\Debug\net8.0-windows10.0.19041.0\win-x64\Views\Pages\BacktestPage.xbf;bin\x64\Debug\net8.0-windows10.0.19041.0\win-x64\Views\Pages\ChatPage.xbf;bin\x64\Debug\net8.0-windows10.0.19041.0\win-x64\Views\Pages\ContentPage.xbf;bin\x64\Debug\net8.0-windows10.0.19041.0\win-x64\Views\Pages\DashboardPage.xbf;bin\x64\Debug\net8.0-windows10.0.19041.0\win-x64\Views\Pages\DeckGeneratorPage.xbf;bin\x64\Debug\net8.0-windows10.0.19041.0\win-x64\Views\Pages\DeveloperPage.xbf;bin\x64\Debug\net8.0-windows10.0.19041.0\win-x64\Views\Pages\KnowledgeBasePage.xbf;bin\x64\Debug\net8.0-windows10.0.19041.0\win-x64\Views\Pages\ResearcherPage.xbf;bin\x64\Debug\net8.0-windows10.0.19041.0\win-x64\Views\Pages\ReverseEngineerPage.xbf;bin\x64\Debug\net8.0-windows10.0.19041.0\win-x64\Views\Pages\SettingsPage.xbf;bin\x64\Debug\net8.0-windows10.0.19041.0\win-x64\Views\Pages\SkillsPage.xbf
         (Out) XamlPackagingRootFolder == bin\x64\Debug\net8.0-windows10.0.19041.0\win-x64\\
         (Out) ProcessedXamlFilesFullPath == C:\Users\SohaibAli\Documents\PotomacAnalyst\bin\x64\Debug\net8.0-windows10.0.19041.0\win-x64\App.xbf;C:\Users\SohaibAli\Documents\PotomacAnalyst\bin\x64\Debug\net8.0-windows10.0.19041.0\win-x64\MainWindow.xbf;C:\Users\SohaibAli\Documents\PotomacAnalyst\bin\x64\Debug\net8.0-windows10.0.19041.0\win-x64\Resources\PotomacTheme.xbf;C:\Users\SohaibAli\Documents\PotomacAnalyst\bin\x64\Debug\net8.0-windows10.0.19041.0\win-x64\Views\Auth\ForgotPasswordPage.xbf;C:\Users\SohaibAli\Documents\PotomacAnalyst\bin\x64\Debug\net8.0-windows10.0.19041.0\win-x64\Views\Auth\LoginPage.xbf;C:\Users\SohaibAli\Documents\PotomacAnalyst\bin\x64\Debug\net8.0-windows10.0.19041.0\win-x64\Views\Auth\RegisterPage.xbf;C:\Users\SohaibAli\Documents\PotomacAnalyst\bin\x64\Debug\net8.0-windows10.0.19041.0\win-x64\Views\Pages\AflGeneratorPage.xbf;C:\Users\SohaibAli\Documents\PotomacAnalyst\bin\x64\Debug\net8.0-windows10.0.19041.0\win-x64\Views\Pages\AutopilotPage.xbf;C:\Users\SohaibAli\Documents\PotomacAnalyst\bin\x64\Debug\net8.0-windows10.0.19041.0\win-x64\Views\Pages\BacktestPage.xbf;C:\Users\SohaibAli\Documents\PotomacAnalyst\bin\x64\Debug\net8.0-windows10.0.19041.0\win-x64\Views\Pages\ChatPage.xbf;C:\Users\SohaibAli\Documents\PotomacAnalyst\bin\x64\Debug\net8.0-windows10.0.19041.0\win-x64\Views\Pages\ContentPage.xbf;C:\Users\SohaibAli\Documents\PotomacAnalyst\bin\x64\Debug\net8.0-windows10.0.19041.0\win-x64\Views\Pages\DashboardPage.xbf;C:\Users\SohaibAli\Documents\PotomacAnalyst\bin\x64\Debug\net8.0-windows10.0.19041.0\win-x64\Views\Pages\DeckGeneratorPage.xbf;C:\Users\SohaibAli\Documents\PotomacAnalyst\bin\x64\Debug\net8.0-windows10.0.19041.0\win-x64\Views\Pages\DeveloperPage.xbf;C:\Users\SohaibAli\Documents\PotomacAnalyst\bin\x64\Debug\net8.0-windows10.0.19041.0\win-x64\Views\Pages\KnowledgeBasePage.xbf;C:\Users\SohaibAli\Documents\PotomacAnalyst\bin\x64\Debug\net8.0-windows10.0.19041.0\win-x64\Views\Pages\ResearcherPage.xbf;C:\Users\SohaibAli\Documents\PotomacAnalyst\bin\x64\Debug\net8.0-windows10.0.19041.0\win-x64\Views\Pages\ReverseEngineerPage.xbf;C:\Users\SohaibAli\Documents\PotomacAnalyst\bin\x64\Debug\net8.0-windows10.0.19041.0\win-x64\Views\Pages\SettingsPage.xbf;C:\Users\SohaibAli\Documents\PotomacAnalyst\bin\x64\Debug\net8.0-windows10.0.19041.0\win-x64\Views\Pages\SkillsPage.xbf
         (Out) Project='PotomacAnalyst' CustomOutputGroupForPackagingOutput == C:\Users\SohaibAli\Documents\PotomacAnalyst\bin\x64\Debug\net8.0-windows10.0.19041.0\win-x64\App.xbf;C:\Users\SohaibAli\Documents\PotomacAnalyst\bin\x64\Debug\net8.0-windows10.0.19041.0\win-x64\MainWindow.xbf;C:\Users\SohaibAli\Documents\PotomacAnalyst\bin\x64\Debug\net8.0-windows10.0.19041.0\win-x64\Resources\PotomacTheme.xbf;C:\Users\SohaibAli\Documents\PotomacAnalyst\bin\x64\Debug\net8.0-windows10.0.19041.0\win-x64\Views\Auth\ForgotPasswordPage.xbf;C:\Users\SohaibAli\Documents\PotomacAnalyst\bin\x64\Debug\net8.0-windows10.0.19041.0\win-x64\Views\Auth\LoginPage.xbf;C:\Users\SohaibAli\Documents\PotomacAnalyst\bin\x64\Debug\net8.0-windows10.0.19041.0\win-x64\Views\Auth\RegisterPage.xbf;C:\Users\SohaibAli\Documents\PotomacAnalyst\bin\x64\Debug\net8.0-windows10.0.19041.0\win-x64\Views\Pages\AflGeneratorPage.xbf;C:\Users\SohaibAli\Documents\PotomacAnalyst\bin\x64\Debug\net8.0-windows10.0.19041.0\win-x64\Views\Pages\AutopilotPage.xbf;C:\Users\SohaibAli\Documents\PotomacAnalyst\bin\x64\Debug\net8.0-windows10.0.19041.0\win-x64\Views\Pages\BacktestPage.xbf;C:\Users\SohaibAli\Documents\PotomacAnalyst\bin\x64\Debug\net8.0-windows10.0.19041.0\win-x64\Views\Pages\ChatPage.xbf;C:\Users\SohaibAli\Documents\PotomacAnalyst\bin\x64\Debug\net8.0-windows10.0.19041.0\win-x64\Views\Pages\ContentPage.xbf;C:\Users\SohaibAli\Documents\PotomacAnalyst\bin\x64\Debug\net8.0-windows10.0.19041.0\win-x64\Views\Pages\DashboardPage.xbf;C:\Users\SohaibAli\Documents\PotomacAnalyst\bin\x64\Debug\net8.0-windows10.0.19041.0\win-x64\Views\Pages\DeckGeneratorPage.xbf;C:\Users\SohaibAli\Documents\PotomacAnalyst\bin\x64\Debug\net8.0-windows10.0.19041.0\win-x64\Views\Pages\DeveloperPage.xbf;C:\Users\SohaibAli\Documents\PotomacAnalyst\bin\x64\Debug\net8.0-windows10.0.19041.0\win-x64\Views\Pages\KnowledgeBasePage.xbf;C:\Users\SohaibAli\Documents\PotomacAnalyst\bin\x64\Debug\net8.0-windows10.0.19041.0\win-x64\Views\Pages\ResearcherPage.xbf;C:\Users\SohaibAli\Documents\PotomacAnalyst\bin\x64\Debug\net8.0-windows10.0.19041.0\win-x64\Views\Pages\ReverseEngineerPage.xbf;C:\Users\SohaibAli\Documents\PotomacAnalyst\bin\x64\Debug\net8.0-windows10.0.19041.0\win-x64\Views\Pages\SettingsPage.xbf;C:\Users\SohaibAli\Documents\PotomacAnalyst\bin\x64\Debug\net8.0-windows10.0.19041.0\win-x64\Views\Pages\SkillsPage.xbf
       GetPriOutputs:
         PotomacAnalyst : PotomacAnalyst.PriFilesOutputGroup : C:\Users\SohaibAli\.nuget\packages\communitytoolkit.winui.animations\8.2.251219\lib\net8.0-windows10.0.19041\CommunityToolkit.WinUI.Animations.pri -> CommunityToolkit.WinUI.Animations.pri
         PotomacAnalyst : PotomacAnalyst.PriFilesOutputGroup : C:\Users\SohaibAli\.nuget\packages\communitytoolkit.winui.controls.segmented\8.2.251219\lib\net8.0-windows10.0.19041\CommunityToolkit.WinUI.Controls.Segmented.pri -> CommunityToolkit.WinUI.Controls.Segmented.pri
         PotomacAnalyst : PotomacAnalyst.PriFilesOutputGroup : C:\Users\SohaibAli\.nuget\packages\communitytoolkit.winui.converters\8.2.251219\lib\net8.0-windows10.0.19041\CommunityToolkit.WinUI.Converters.pri -> CommunityToolkit.WinUI.Converters.pri
         PotomacAnalyst : PotomacAnalyst.PriFilesOutputGroup : C:\Users\SohaibAli\.nuget\packages\communitytoolkit.winui.extensions\8.2.251219\lib\net8.0-windows10.0.19041\CommunityToolkit.WinUI.Extensions.pri -> CommunityToolkit.WinUI.Extensions.pri
         PotomacAnalyst : PotomacAnalyst.ContentFilesProjectOutputGroup : C:\Users\SohaibAli\Documents\PotomacAnalyst\Assets\Fonts\Quicksand-Bold.ttf -> Assets\Fonts\Quicksand-Bold.ttf
         PotomacAnalyst : PotomacAnalyst.ContentFilesProjectOutputGroup : C:\Users\SohaibAli\Documents\PotomacAnalyst\Assets\Fonts\Quicksand-Light.ttf -> Assets\Fonts\Quicksand-Light.ttf
         PotomacAnalyst : PotomacAnalyst.ContentFilesProjectOutputGroup : C:\Users\SohaibAli\Documents\PotomacAnalyst\Assets\Fonts\Quicksand-Medium.ttf -> Assets\Fonts\Quicksand-Medium.ttf
         PotomacAnalyst : PotomacAnalyst.ContentFilesProjectOutputGroup : C:\Users\SohaibAli\Documents\PotomacAnalyst\Assets\Fonts\Quicksand-Regular.ttf -> Assets\Fonts\Quicksand-Regular.ttf
         PotomacAnalyst : PotomacAnalyst.ContentFilesProjectOutputGroup : C:\Users\SohaibAli\Documents\PotomacAnalyst\Assets\Fonts\Rajdhani-Bold.ttf -> Assets\Fonts\Rajdhani-Bold.ttf
         PotomacAnalyst : PotomacAnalyst.ContentFilesProjectOutputGroup : C:\Users\SohaibAli\Documents\PotomacAnalyst\Assets\Fonts\Rajdhani-Light.ttf -> Assets\Fonts\Rajdhani-Light.ttf
         PotomacAnalyst : PotomacAnalyst.ContentFilesProjectOutputGroup : C:\Users\SohaibAli\Documents\PotomacAnalyst\Assets\Fonts\Rajdhani-Medium.ttf -> Assets\Fonts\Rajdhani-Medium.ttf
         PotomacAnalyst : PotomacAnalyst.ContentFilesProjectOutputGroup : C:\Users\SohaibAli\Documents\PotomacAnalyst\Assets\LockScreenLogo.scale-200.png -> Assets\LockScreenLogo.scale-200.png
         PotomacAnalyst : PotomacAnalyst.ContentFilesProjectOutputGroup : C:\Users\SohaibAli\Documents\PotomacAnalyst\Assets\potomac-icon-black.png -> Assets\potomac-icon-black.png
         PotomacAnalyst : PotomacAnalyst.ContentFilesProjectOutputGroup : C:\Users\SohaibAli\Documents\PotomacAnalyst\Assets\potomac-icon-white.png -> Assets\potomac-icon-white.png
         PotomacAnalyst : PotomacAnalyst.ContentFilesProjectOutputGroup : C:\Users\SohaibAli\Documents\PotomacAnalyst\Assets\potomac-icon.png -> Assets\potomac-icon.png
         PotomacAnalyst : PotomacAnalyst.ContentFilesProjectOutputGroup : C:\Users\SohaibAli\Documents\PotomacAnalyst\Assets\potomac-logo-black.png -> Assets\potomac-logo-black.png
         PotomacAnalyst : PotomacAnalyst.ContentFilesProjectOutputGroup : C:\Users\SohaibAli\Documents\PotomacAnalyst\Assets\potomac-logo-white-yellow.png -> Assets\potomac-logo-white-yellow.png
         PotomacAnalyst : PotomacAnalyst.ContentFilesProjectOutputGroup : C:\Users\SohaibAli\Documents\PotomacAnalyst\Assets\potomac-logo-white.png -> Assets\potomac-logo-white.png
         PotomacAnalyst : PotomacAnalyst.ContentFilesProjectOutputGroup : C:\Users\SohaibAli\Documents\PotomacAnalyst\Assets\potomac-logo.png -> Assets\potomac-logo.png
         PotomacAnalyst : PotomacAnalyst.ContentFilesProjectOutputGroup : C:\Users\SohaibAli\Documents\PotomacAnalyst\Assets\SplashScreen.scale-200.png -> Assets\SplashScreen.scale-200.png
         PotomacAnalyst : PotomacAnalyst.ContentFilesProjectOutputGroup : C:\Users\SohaibAli\Documents\PotomacAnalyst\Assets\Square150x150Logo.scale-200.png -> Assets\Square150x150Logo.scale-200.png
         PotomacAnalyst : PotomacAnalyst.ContentFilesProjectOutputGroup : C:\Users\SohaibAli\Documents\PotomacAnalyst\Assets\Square44x44Logo.scale-200.png -> Assets\Square44x44Logo.scale-200.png
         PotomacAnalyst : PotomacAnalyst.ContentFilesProjectOutputGroup : C:\Users\SohaibAli\Documents\PotomacAnalyst\Assets\Square44x44Logo.targetsize-24_altform-unplated.png -> Assets\Square44x44Logo.targetsize-24_altform-unplated.png
         PotomacAnalyst : PotomacAnalyst.ContentFilesProjectOutputGroup : C:\Users\SohaibAli\Documents\PotomacAnalyst\Assets\StoreLogo.png -> Assets\StoreLogo.png
         PotomacAnalyst : PotomacAnalyst.ContentFilesProjectOutputGroup : C:\Users\SohaibAli\Documents\PotomacAnalyst\Assets\Wide310x150Logo.scale-200.png -> Assets\Wide310x150Logo.scale-200.png
         PotomacAnalyst : PotomacAnalyst.EmbedOutputGroupForPackaging : C:\Users\SohaibAli\Documents\PotomacAnalyst\bin\x64\Debug\net8.0-windows10.0.19041.0\win-x64\App.xbf -> App.xbf
         PotomacAnalyst : PotomacAnalyst.EmbedOutputGroupForPackaging : C:\Users\SohaibAli\Documents\PotomacAnalyst\bin\x64\Debug\net8.0-windows10.0.19041.0\win-x64\MainWindow.xbf -> MainWindow.xbf
         PotomacAnalyst : PotomacAnalyst.EmbedOutputGroupForPackaging : C:\Users\SohaibAli\Documents\PotomacAnalyst\bin\x64\Debug\net8.0-windows10.0.19041.0\win-x64\Resources\PotomacTheme.xbf -> Resources\PotomacTheme.xbf
         PotomacAnalyst : PotomacAnalyst.EmbedOutputGroupForPackaging : C:\Users\SohaibAli\Documents\PotomacAnalyst\bin\x64\Debug\net8.0-windows10.0.19041.0\win-x64\Views\Auth\ForgotPasswordPage.xbf -> Views\Auth\ForgotPasswordPage.xbf
         PotomacAnalyst : PotomacAnalyst.EmbedOutputGroupForPackaging : C:\Users\SohaibAli\Documents\PotomacAnalyst\bin\x64\Debug\net8.0-windows10.0.19041.0\win-x64\Views\Auth\LoginPage.xbf -> Views\Auth\LoginPage.xbf
         PotomacAnalyst : PotomacAnalyst.EmbedOutputGroupForPackaging : C:\Users\SohaibAli\Documents\PotomacAnalyst\bin\x64\Debug\net8.0-windows10.0.19041.0\win-x64\Views\Auth\RegisterPage.xbf -> Views\Auth\RegisterPage.xbf
         PotomacAnalyst : PotomacAnalyst.EmbedOutputGroupForPackaging : C:\Users\SohaibAli\Documents\PotomacAnalyst\bin\x64\Debug\net8.0-windows10.0.19041.0\win-x64\Views\Pages\AflGeneratorPage.xbf -> Views\Pages\AflGeneratorPage.xbf
         PotomacAnalyst : PotomacAnalyst.EmbedOutputGroupForPackaging : C:\Users\SohaibAli\Documents\PotomacAnalyst\bin\x64\Debug\net8.0-windows10.0.19041.0\win-x64\Views\Pages\AutopilotPage.xbf -> Views\Pages\AutopilotPage.xbf
         PotomacAnalyst : PotomacAnalyst.EmbedOutputGroupForPackaging : C:\Users\SohaibAli\Documents\PotomacAnalyst\bin\x64\Debug\net8.0-windows10.0.19041.0\win-x64\Views\Pages\BacktestPage.xbf -> Views\Pages\BacktestPage.xbf
         PotomacAnalyst : PotomacAnalyst.EmbedOutputGroupForPackaging : C:\Users\SohaibAli\Documents\PotomacAnalyst\bin\x64\Debug\net8.0-windows10.0.19041.0\win-x64\Views\Pages\ChatPage.xbf -> Views\Pages\ChatPage.xbf
         PotomacAnalyst : PotomacAnalyst.EmbedOutputGroupForPackaging : C:\Users\SohaibAli\Documents\PotomacAnalyst\bin\x64\Debug\net8.0-windows10.0.19041.0\win-x64\Views\Pages\ContentPage.xbf -> Views\Pages\ContentPage.xbf
         PotomacAnalyst : PotomacAnalyst.EmbedOutputGroupForPackaging : C:\Users\SohaibAli\Documents\PotomacAnalyst\bin\x64\Debug\net8.0-windows10.0.19041.0\win-x64\Views\Pages\DashboardPage.xbf -> Views\Pages\DashboardPage.xbf
         PotomacAnalyst : PotomacAnalyst.EmbedOutputGroupForPackaging : C:\Users\SohaibAli\Documents\PotomacAnalyst\bin\x64\Debug\net8.0-windows10.0.19041.0\win-x64\Views\Pages\DeckGeneratorPage.xbf -> Views\Pages\DeckGeneratorPage.xbf
         PotomacAnalyst : PotomacAnalyst.EmbedOutputGroupForPackaging : C:\Users\SohaibAli\Documents\PotomacAnalyst\bin\x64\Debug\net8.0-windows10.0.19041.0\win-x64\Views\Pages\DeveloperPage.xbf -> Views\Pages\DeveloperPage.xbf
         PotomacAnalyst : PotomacAnalyst.EmbedOutputGroupForPackaging : C:\Users\SohaibAli\Documents\PotomacAnalyst\bin\x64\Debug\net8.0-windows10.0.19041.0\win-x64\Views\Pages\KnowledgeBasePage.xbf -> Views\Pages\KnowledgeBasePage.xbf
         PotomacAnalyst : PotomacAnalyst.EmbedOutputGroupForPackaging : C:\Users\SohaibAli\Documents\PotomacAnalyst\bin\x64\Debug\net8.0-windows10.0.19041.0\win-x64\Views\Pages\ResearcherPage.xbf -> Views\Pages\ResearcherPage.xbf
         PotomacAnalyst : PotomacAnalyst.EmbedOutputGroupForPackaging : C:\Users\SohaibAli\Documents\PotomacAnalyst\bin\x64\Debug\net8.0-windows10.0.19041.0\win-x64\Views\Pages\ReverseEngineerPage.xbf -> Views\Pages\ReverseEngineerPage.xbf
         PotomacAnalyst : PotomacAnalyst.EmbedOutputGroupForPackaging : C:\Users\SohaibAli\Documents\PotomacAnalyst\bin\x64\Debug\net8.0-windows10.0.19041.0\win-x64\Views\Pages\SettingsPage.xbf -> Views\Pages\SettingsPage.xbf
         PotomacAnalyst : PotomacAnalyst.EmbedOutputGroupForPackaging : C:\Users\SohaibAli\Documents\PotomacAnalyst\bin\x64\Debug\net8.0-windows10.0.19041.0\win-x64\Views\Pages\SkillsPage.xbf -> Views\Pages\SkillsPage.xbf
       AddPriPayloadFilesToCopyToOutputDirectoryItems:
         C:\Users\SohaibAli\.nuget\packages\microsoft.windows.sdk.buildtools\10.0.26100.7705\bin\10.0.26100.0\x64\makepri.exe Dump -IndexFile C:\Users\SohaibAli\.nuget\packages\communitytoolkit.winui.animations\8.2.251219\lib\net8.0-windows10.0.19041\CommunityToolkit.WinUI.Animations.pri -OutputFile obj\x64\Debug\net8.0-windows10.0.19041.0\win-x64\CommunityToolkit.WinUI.Animations.pri.xml -Verbose -Overwrite  
         C:\Users\SohaibAli\.nuget\packages\microsoft.windows.sdk.buildtools\10.0.26100.7705\bin\10.0.26100.0\x64\makepri.exe Dump -IndexFile C:\Users\SohaibAli\.nuget\packages\communitytoolkit.winui.controls.segmented\8.2.251219\lib\net8.0-windows10.0.19041\CommunityToolkit.WinUI.Controls.Segmented.pri -OutputFile obj\x64\Debug\net8.0-windows10.0.19041.0\win-x64\CommunityToolkit.WinUI.Controls.Segmented.pri.xml -Verbose -Overwrite  
         C:\Users\SohaibAli\.nuget\packages\microsoft.windows.sdk.buildtools\10.0.26100.7705\bin\10.0.26100.0\x64\makepri.exe Dump -IndexFile C:\Users\SohaibAli\.nuget\packages\communitytoolkit.winui.converters\8.2.251219\lib\net8.0-windows10.0.19041\CommunityToolkit.WinUI.Converters.pri -OutputFile obj\x64\Debug\net8.0-windows10.0.19041.0\win-x64\CommunityToolkit.WinUI.Converters.pri.xml -Verbose -Overwrite  
         C:\Users\SohaibAli\.nuget\packages\microsoft.windows.sdk.buildtools\10.0.26100.7705\bin\10.0.26100.0\x64\makepri.exe Dump -IndexFile C:\Users\SohaibAli\.nuget\packages\communitytoolkit.winui.extensions\8.2.251219\lib\net8.0-windows10.0.19041\CommunityToolkit.WinUI.Extensions.pri -OutputFile obj\x64\Debug\net8.0-windows10.0.19041.0\win-x64\CommunityToolkit.WinUI.Extensions.pri.xml -Verbose -Overwrite  
       _CopyOutOfDateSourceItemsToOutputDirectory:
       Skipping target "_CopyOutOfDateSourceItemsToOutputDirectory" because all output files are up-to-date with respect to the input files.
       GenerateBuildDependencyFile:
       Skipping target "GenerateBuildDependencyFile" because all output files are up-to-date with respect to the input files.
       GenerateBuildRuntimeConfigurationFiles:
       Skipping target "GenerateBuildRuntimeConfigurationFiles" because all output files are up-to-date with respect to the input files.
       CopyFilesToOutputDirectory:
         PotomacAnalyst -> C:\Users\SohaibAli\Documents\PotomacAnalyst\bin\x64\Debug\net8.0-windows10.0.19041.0\win-x64\PotomacAnalyst.dll
       _GenerateProjectPriConfigurationFiles:
       Skipping target "_GenerateProjectPriConfigurationFiles" because all output files are up-to-date with respect to the input files.
       _GenerateProjectPriFileCore:
       Skipping target "_GenerateProjectPriFileCore" because all output files are up-to-date with respect to the input files.
       _ComputeAppxPackagePayload:
         Running 'WinAppSdkRemoveRedundantCopyLocalItems' task.
       _ValidateConfiguration:
         Running 'WinAppSdkValidateConfiguration' task.
     2>Done Building Project "C:\Users\SohaibAli\Documents\PotomacAnalyst\PotomacAnalyst.csproj" (default targets).
     1>Done Building Project "C:\Users\SohaibAli\Documents\PotomacAnalyst\PotomacAnalyst.slnx" (default targets).

Build succeeded.
    0 Warning(s)
    0 Error(s)

Time Elapsed 00:00:03.99
